 modbus

 Timestamp is 62183130 (Fri Feb 25 09:30:24 2022)

 Preferred load address is 10000000

 Start         Length     Name                   Class
 0001:00000000 00082b00H .text$mn                CODE
 0001:00082b00 00000193H .text$x                 CODE
 0002:00000000 000001c8H .idata$5                DATA
 0002:000001c8 00000004H .00cfg                  DATA
 0002:000001cc 00000004H .CRT$XCA                DATA
 0002:000001d0 00000004H .CRT$XCZ                DATA
 0002:000001d4 00000004H .CRT$XIA                DATA
 0002:000001d8 0000000cH .CRT$XIC                DATA
 0002:000001e4 00000004H .CRT$XIZ                DATA
 0002:000001e8 00000004H .CRT$XPA                DATA
 0002:000001ec 00000008H .CRT$XPX                DATA
 0002:000001f4 00000004H .CRT$XPXA               DATA
 0002:000001f8 00000004H .CRT$XPZ                DATA
 0002:000001fc 00000004H .CRT$XTA                DATA
 0002:00000200 00000010H .CRT$XTZ                DATA
 0002:00000204 00000000H .gfids$y                DATA
 0002:00000210 0001da58H .rdata                  DATA
 0002:0001dc68 000002a8H .rdata$r                DATA
 0002:0001df10 00000040H .rdata$sxdata           DATA
 0002:0001df50 00000338H .rdata$zzzdbg           DATA
 0002:0001e288 00000004H .rtc$IAA                DATA
 0002:0001e28c 00000010H .rtc$IMZ                DATA
 0002:0001e29c 00000004H .rtc$IZZ                DATA
 0002:0001e2a0 00000004H .rtc$TAA                DATA
 0002:0001e2a4 00000010H .rtc$TMZ                DATA
 0002:0001e2b4 00000004H .rtc$TZZ                DATA
 0002:0001e2b8 00000c98H .xdata$x                DATA
 0002:0001ef50 00000818H .edata                  DATA
 0002:0001f768 00000028H .idata$2                DATA
 0002:0001f790 00000014H .idata$3                DATA
 0002:0001f7a4 000001c8H .idata$4                DATA
 0002:0001f96c 000006beH .idata$6                DATA
 0003:00000000 00001820H .data                   DATA
 0003:00001820 00000120H .data$r                 DATA
 0003:00001940 00001760H .bss                    DATA
 0004:00000000 000000a0H .rsrc$01                DATA
 0004:000000a0 000003f0H .rsrc$02                DATA

  Address         Publics by Value              Rva+Base       Lib:Object

 0000:00000000       ___guard_longjmp_count     00000000     <absolute>
 0000:00000000       ___hybrid_code_map         00000000     <absolute>
 0000:00000000       ___hybrid_code_map_count   00000000     <absolute>
 0000:00000000       ___enclave_config          00000000     <absolute>
 0000:00000000       ___guard_fids_table        00000000     <absolute>
 0000:00000000       __except_list              00000000     <absolute>
 0000:00000000       ___volatile_metadata       00000000     <absolute>
 0000:00000000       ___dynamic_value_reloc_table 00000000     <absolute>
 0000:00000000       ___guard_longjmp_table     00000000     <absolute>
 0000:00000000       ___hybrid_auxiliary_iat    00000000     <absolute>
 0000:00000000       ___guard_fids_count        00000000     <absolute>
 0000:00000000       ___guard_iat_count         00000000     <absolute>
 0000:00000000       ___guard_iat_table         00000000     <absolute>
 0000:00000010       ___safe_se_handler_count   00000010     <absolute>
 0000:00000100       ___guard_flags             00000100     <absolute>
 0000:00000000       ___ImageBase               10000000     <linker-defined>
 0001:00000000       _modbus_set_bits_from_byte 10001000 f   modbus-data.obj
 0001:00000060       _modbus_set_bits_from_bytes 10001060 f   modbus-data.obj
 0001:000000f0       _modbus_get_byte_from_bits 100010f0 f   modbus-data.obj
 0001:00000160       _modbus_get_float          10001160 f   modbus-data.obj
 0001:000001a0       _modbus_get_float_abcd     100011a0 f   modbus-data.obj
 0001:00000240       _modbus_get_float_dcba     10001240 f   modbus-data.obj
 0001:000002e0       _modbus_get_float_badc     100012e0 f   modbus-data.obj
 0001:00000380       _modbus_get_float_cdab     10001380 f   modbus-data.obj
 0001:00000420       _modbus_set_float          10001420 f   modbus-data.obj
 0001:00000460       _modbus_set_float_abcd     10001460 f   modbus-data.obj
 0001:00000500       _modbus_set_float_dcba     10001500 f   modbus-data.obj
 0001:000005a0       _modbus_set_float_badc     100015a0 f   modbus-data.obj
 0001:00000640       _modbus_set_float_cdab     10001640 f   modbus-data.obj
 0001:000006e0       _modbus_new_rtu            100016e0 f   modbus-rtu.obj
 0001:000008e0       _modbus_rtu_set_serial_mode 100018e0 f   modbus-rtu.obj
 0001:00000950       _modbus_rtu_get_serial_mode 10001950 f   modbus-rtu.obj
 0001:000009c0       _modbus_rtu_set_rts        100019c0 f   modbus-rtu.obj
 0001:00000a30       _modbus_rtu_get_rts        10001a30 f   modbus-rtu.obj
 0001:00000aa0       _modbus_rtu_set_custom_rts 10001aa0 f   modbus-rtu.obj
 0001:00000b10       _modbus_rtu_set_rts_delay  10001b10 f   modbus-rtu.obj
 0001:00000b80       _modbus_rtu_get_rts_delay  10001b80 f   modbus-rtu.obj
 0001:00001870       ___local_stdio_printf_options 10002870 f i modbus-rtu.obj
 0001:00001880       __vfprintf_l               10002880 f i modbus-rtu.obj
 0001:000018b0       _fprintf                   100028b0 f i modbus-rtu.obj
 0001:000018f0       _printf                    100028f0 f i modbus-rtu.obj
 0001:00001930       _modbus_new_tcp            10002930 f   modbus-tcp.obj
 0001:00001a80       _modbus_tcp_listen         10002a80 f   modbus-tcp.obj
 0001:00001be0       _modbus_tcp_accept         10002be0 f   modbus-tcp.obj
 0001:00001c70       _modbus_new_tcp_pi         10002c70 f   modbus-tcp.obj
 0001:00001ec0       _modbus_tcp_pi_listen      10002ec0 f   modbus-tcp.obj
 0001:00002170       _modbus_tcp_pi_accept      10003170 f   modbus-tcp.obj
 0001:00002e20       _gai_strerrorA             10003e20 f i modbus-tcp.obj
 0001:00002e50       _modbus_set_slave          10003e50 f   modbus.obj
 0001:00002e90       _modbus_get_slave          10003e90 f   modbus.obj
 0001:00002eb0       _modbus_set_error_recovery 10003eb0 f   modbus.obj
 0001:00002ee0       _modbus_set_socket         10003ee0 f   modbus.obj
 0001:00002f10       _modbus_get_socket         10003f10 f   modbus.obj
 0001:00002f40       _modbus_get_response_timeout 10003f40 f   modbus.obj
 0001:00002f80       _modbus_set_response_timeout 10003f80 f   modbus.obj
 0001:00002fd0       _modbus_get_byte_timeout   10003fd0 f   modbus.obj
 0001:00003010       _modbus_set_byte_timeout   10004010 f   modbus.obj
 0001:00003050       _modbus_get_indication_timeout 10004050 f   modbus.obj
 0001:00003090       _modbus_set_indication_timeout 10004090 f   modbus.obj
 0001:000030d0       _modbus_get_header_length  100040d0 f   modbus.obj
 0001:00003100       _modbus_connect            10004100 f   modbus.obj
 0001:00003130       _modbus_close              10004130 f   modbus.obj
 0001:00003150       _modbus_free               10004150 f   modbus.obj
 0001:00003170       _modbus_flush              10004170 f   modbus.obj
 0001:000031d0       _modbus_set_debug          100041d0 f   modbus.obj
 0001:00003200       _modbus_strerror           10004200 f   modbus.obj
 0001:000032f0       _modbus_read_bits          100042f0 f   modbus.obj
 0001:00003380       _modbus_read_input_bits    10004380 f   modbus.obj
 0001:00003410       _modbus_read_registers     10004410 f   modbus.obj
 0001:00003490       _modbus_read_input_registers 10004490 f   modbus.obj
 0001:00003510       _modbus_write_bit          10004510 f   modbus.obj
 0001:00003560       _modbus_write_register     10004560 f   modbus.obj
 0001:000035a0       _modbus_write_bits         100045a0 f   modbus.obj
 0001:000038b0       _modbus_write_registers    100048b0 f   modbus.obj
 0001:00003a90       _modbus_mask_write_register 10004a90 f   modbus.obj
 0001:00003bf0       _modbus_write_and_read_registers 10004bf0 f   modbus.obj
 0001:00003f30       _modbus_report_slave_id    10004f30 f   modbus.obj
 0001:000040a0       _modbus_mapping_new_start_address 100050a0 f   modbus.obj
 0001:000042c0       _modbus_mapping_new        100052c0 f   modbus.obj
 0001:000042f0       _modbus_mapping_free       100052f0 f   modbus.obj
 0001:00004350       _modbus_send_raw_request   10005350 f   modbus.obj
 0001:00004460       _modbus_receive            10005460 f   modbus.obj
 0001:000044a0       _modbus_receive_confirmation 100054a0 f   modbus.obj
 0001:000044d0       _modbus_reply              100054d0 f   modbus.obj
 0001:00005710       _modbus_reply_exception    10006710 f   modbus.obj
 0001:00005840       __modbus_init_common       10006840 f   modbus.obj
 0001:000058b0       __error_print              100068b0 f   modbus.obj
 0001:00005930       __modbus_receive_msg       10006930 f   modbus.obj
 0001:00005de0       _strlcpy                   10006de0 f   modbus.obj
 0001:00006c50       _vfprintf                  10007c50 f i modbus.obj
 0001:00006c6b       _accept@12                 10007c6b f   ws2_32:WS2_32.dll
 0001:00006c71       _bind@12                   10007c71 f   ws2_32:WS2_32.dll
 0001:00006c77       _closesocket@4             10007c77 f   ws2_32:WS2_32.dll
 0001:00006c7d       _connect@12                10007c7d f   ws2_32:WS2_32.dll
 0001:00006c83       _ioctlsocket@12            10007c83 f   ws2_32:WS2_32.dll
 0001:00006c89       _getsockopt@20             10007c89 f   ws2_32:WS2_32.dll
 0001:00006c8f       _htonl@4                   10007c8f f   ws2_32:WS2_32.dll
 0001:00006c95       _htons@4                   10007c95 f   ws2_32:WS2_32.dll
 0001:00006c9b       _inet_addr@4               10007c9b f   ws2_32:WS2_32.dll
 0001:00006ca1       _inet_ntoa@4               10007ca1 f   ws2_32:WS2_32.dll
 0001:00006ca7       _listen@8                  10007ca7 f   ws2_32:WS2_32.dll
 0001:00006cad       _recv@16                   10007cad f   ws2_32:WS2_32.dll
 0001:00006cb3       _select@20                 10007cb3 f   ws2_32:WS2_32.dll
 0001:00006cb9       _send@16                   10007cb9 f   ws2_32:WS2_32.dll
 0001:00006cbf       _setsockopt@20             10007cbf f   ws2_32:WS2_32.dll
 0001:00006cc5       _shutdown@8                10007cc5 f   ws2_32:WS2_32.dll
 0001:00006ccb       _socket@12                 10007ccb f   ws2_32:WS2_32.dll
 0001:00006cd1       _WSAStartup@8              10007cd1 f   ws2_32:WS2_32.dll
 0001:00006cd7       _WSAGetLastError@0         10007cd7 f   ws2_32:WS2_32.dll
 0001:00006cdd       _getaddrinfo@16            10007cdd f   ws2_32:WS2_32.dll
 0001:00006ce3       _freeaddrinfo@4            10007ce3 f   ws2_32:WS2_32.dll
 0001:00006ce9       _CreateFileA@28            10007ce9 f   kernel32:KERNEL32.dll
 0001:00006cef       _ReadFile@20               10007cef f   kernel32:KERNEL32.dll
 0001:00006cf5       _WriteFile@20              10007cf5 f   kernel32:KERNEL32.dll
 0001:00006cfb       _CloseHandle@4             10007cfb f   kernel32:KERNEL32.dll
 0001:00006d01       _GetLastError@0            10007d01 f   kernel32:KERNEL32.dll
 0001:00006d07       _GetCommState@8            10007d07 f   kernel32:KERNEL32.dll
 0001:00006d0d       _PurgeComm@8               10007d0d f   kernel32:KERNEL32.dll
 0001:00006d13       _SetCommState@8            10007d13 f   kernel32:KERNEL32.dll
 0001:00006d19       _SetCommTimeouts@8         10007d19 f   kernel32:KERNEL32.dll
 0001:00006d1f       _FormatMessageA@28         10007d1f f   kernel32:KERNEL32.dll
 0001:00006d25       _Sleep@4                   10007d25 f   kernel32:KERNEL32.dll
 0001:00006d30       __CRT_RTC_INIT             10007d30 f   LIBCMTD:init.obj
 0001:00006d40       __CRT_RTC_INITW            10007d40 f   LIBCMTD:init.obj
 0001:00006d50       __RTC_InitBase             10007d50 f   LIBCMTD:init.obj
 0001:00006d80       __RTC_Shutdown             10007d80 f   LIBCMTD:init.obj
 0001:00006da0       @__security_check_cookie@4 10007da0 f   LIBCMTD:secchk.obj
 0001:00006e50       ?_RTC_AllocaFailure@@YAXPAXPAU_RTC_ALLOCA_NODE@@H@Z 10007e50 f   LIBCMTD:error.obj
 0001:00006f40       ?_RTC_Failure@@YAXPAXH@Z   10007f40 f   LIBCMTD:error.obj
 0001:00006f90       ?_RTC_StackFailure@@YAXPAXPBD@Z 10007f90 f   LIBCMTD:error.obj
 0001:00007350       __RTC_UninitUse            10008350 f   LIBCMTD:error.obj
 0001:00007400       __vsprintf_s_l             10008400 f i LIBCMTD:error.obj
 0001:00007430       _sprintf_s                 10008430 f i LIBCMTD:error.obj
 0001:00007450       ___raise_securityfailure   10008450 f   LIBCMTD:gs_report.obj
 0001:00007480       ___report_gsfailure        10008480 f   LIBCMTD:gs_report.obj
 0001:00007590       ___report_rangecheckfailure 10008590 f   LIBCMTD:gs_report.obj
 0001:000075a0       ___report_securityfailure  100085a0 f   LIBCMTD:gs_report.obj
 0001:00007680       ___report_securityfailureEx 10008680 f   LIBCMTD:gs_report.obj
 0001:00007c50       __CRT_INIT@12              10008c50 f   LIBCMTD:dll_dllmain.obj
 0001:00007c70       __DllMainCRTStartup@12     10008c70 f   LIBCMTD:dll_dllmain.obj
 0001:00007ca0       ?_RTC_GetErrorFunc@@YAP6AHHPBDH00ZZPBX@Z 10008ca0 f   LIBCMTD:userapi.obj
 0001:00007cb0       ?_RTC_GetErrorFuncW@@YAP6AHHPB_WH00ZZPBX@Z 10008cb0 f   LIBCMTD:userapi.obj
 0001:00007cc0       __RTC_GetErrDesc           10008cc0 f   LIBCMTD:userapi.obj
 0001:00007ce0       __RTC_NumErrors            10008ce0 f   LIBCMTD:userapi.obj
 0001:00007cf0       __RTC_SetErrorFunc         10008cf0 f   LIBCMTD:userapi.obj
 0001:00007d10       __RTC_SetErrorFuncW        10008d10 f   LIBCMTD:userapi.obj
 0001:00007d30       __RTC_SetErrorType         10008d30 f   LIBCMTD:userapi.obj
 0001:000081e0       ?_RTC_GetSrcLine@@YAHPAEPA_WKPAH1K@Z 100091e0 f   LIBCMTD:pdblkup.obj
 0001:00008570       __except_handler4_noexcept 10009570 f   LIBCMTD:chandler4_noexcept.obj
 0001:000085c0       @_guard_check_icall_nop@4  100095c0 f i LIBCMTD:guard_support.obj
 0001:000085d0       _ReadNoFence               100095d0 f i LIBCMTD:guard_support.obj
 0001:000085f0       _ReadPointerNoFence        100095f0 f i LIBCMTD:guard_support.obj
 0001:00008610       __guard_icall_checks_enforced 10009610 f i LIBCMTD:guard_support.obj
 0001:000086b0       ___security_init_cookie    100096b0 f   LIBCMTD:gs_support.obj
 0001:00008730       _DllMain@12                10009730 f   LIBCMTD:dll_dllmain_stub.obj
 0001:00008740       ?__scrt_initialize_type_info@@YAXXZ 10009740 f   LIBCMTD:tncleanup.obj
 0001:00008750       ?__scrt_uninitialize_type_info@@YAXXZ 10009750 f   LIBCMTD:tncleanup.obj
 0001:00008770       ___local_stdio_scanf_options 10009770 f i LIBCMTD:default_local_stdio_options.obj
 0001:00008780       ___scrt_initialize_default_local_stdio_options 10009780 f   LIBCMTD:default_local_stdio_options.obj
 0001:000087c0       ??$__crt_fast_decode_pointer@PAP6AXXZ@@YAPAP6AXXZQAP6AXXZ@Z 100097c0 f i LIBCMTD:utility.obj
 0001:000087f0       ??$__crt_fast_encode_pointer@PAP6AXXZ@@YAPAP6AXXZQAP6AXXZ@Z 100097f0 f i LIBCMTD:utility.obj
 0001:00008820       ?__crt_rotate_pointer_value@@YAIIH@Z 10009820 f i LIBCMTD:utility.obj
 0001:00008830       ?configure_argv@__scrt_narrow_argv_policy@@SAHXZ 10009830 f i LIBCMTD:utility.obj
 0001:000088e0       ?initialize_environment@__scrt_narrow_environment_policy@@SAHXZ 100098e0 f i LIBCMTD:utility.obj
 0001:00008960       _NtCurrentTeb              10009960 f i LIBCMTD:utility.obj
 0001:00008970       ___scrt_acquire_startup_lock 10009970 f   LIBCMTD:utility.obj
 0001:000089c0       ___scrt_dllmain_after_initialize_c 100099c0 f   LIBCMTD:utility.obj
 0001:000089f0       ___scrt_dllmain_before_initialize_c 100099f0 f   LIBCMTD:utility.obj
 0001:00008a10       ___scrt_dllmain_crt_thread_attach 10009a10 f   LIBCMTD:utility.obj
 0001:00008a40       ___scrt_dllmain_crt_thread_detach 10009a40 f   LIBCMTD:utility.obj
 0001:00008a60       ___scrt_dllmain_exception_filter 10009a60 f   LIBCMTD:utility.obj
 0001:00008ab0       ___scrt_dllmain_uninitialize_c 10009ab0 f   LIBCMTD:utility.obj
 0001:00008ae0       ___scrt_dllmain_uninitialize_critical 10009ae0 f   LIBCMTD:utility.obj
 0001:00008b00       ___scrt_initialize_crt     10009b00 f   LIBCMTD:utility.obj
 0001:00008b50       ___scrt_initialize_onexit_tables 10009b50 f   LIBCMTD:utility.obj
 0001:00008c30       ___scrt_is_nonwritable_in_current_image 10009c30 f   LIBCMTD:utility.obj
 0001:00008d60       ___scrt_release_startup_lock 10009d60 f   LIBCMTD:utility.obj
 0001:00008d90       ___scrt_uninitialize_crt   10009d90 f   LIBCMTD:utility.obj
 0001:00008dd0       __onexit                   10009dd0 f   LIBCMTD:utility.obj
 0001:00008e40       _at_quick_exit             10009e40 f   LIBCMTD:utility.obj
 0001:00008e90       _atexit                    10009e90 f   LIBCMTD:utility.obj
 0001:00008ec0       ___scrt_get_dyn_tls_init_callback 10009ec0 f   LIBCMTD:dyn_tls_init.obj
 0001:00008ed0       ___scrt_fastfail           10009ed0 f   LIBCMTD:utility_desktop.obj
 0001:00009010       ___scrt_get_show_window_mode 1000a010 f   LIBCMTD:utility_desktop.obj
 0001:00009050       ___scrt_initialize_mta     1000a050 f   LIBCMTD:utility_desktop.obj
 0001:00009060       ___scrt_initialize_winrt   1000a060 f   LIBCMTD:utility_desktop.obj
 0001:00009070       ___scrt_is_managed_app     1000a070 f   LIBCMTD:utility_desktop.obj
 0001:00009100       ___scrt_set_unhandled_exception_filter 1000a100 f   LIBCMTD:utility_desktop.obj
 0001:00009110       ___scrt_exe_initialize_mta 1000a110 f   LIBCMTD:utility_desktop.obj
 0001:00009110       ___scrt_stub_for_initialize_mta 1000a110 f   LIBCMTD:utility_desktop.obj
 0001:00009120       ___scrt_unhandled_exception_filter@4 1000a120 f   LIBCMTD:utility_desktop.obj
 0001:00009180       __crt_debugger_hook        1000a180 f   LIBCMTD:utility_desktop.obj
 0001:00009190       __RTC_Initialize           1000a190 f   LIBCMTD:initsect.obj
 0001:000091c0       __RTC_Terminate            1000a1c0 f   LIBCMTD:initsect.obj
 0001:000091f0       ___isa_available_init      1000a1f0 f   LIBCMTD:cpu_disp.obj
 0001:000094d0       __get_startup_argv_mode    1000a4d0 f   LIBCMTD:argv_mode.obj
 0001:000094e0       ___scrt_is_ucrt_dll_in_use 1000a4e0 f   LIBCMTD:ucrt_detection.obj
 0001:00009510       _memcpy                    1000a510 f   libvcruntimed:memcpy.obj
 0001:00009a90       _memset                    1000aa90 f   libvcruntimed:memset.obj
 0001:00009c50       __except_handler4          1000ac50 f   libvcruntimed:chandler4.obj
 0001:00009e20       ___vcrt_GetModuleFileNameW 1000ae20 f   libvcruntimed:winapi_thunks.obj
 0001:00009e40       ___vcrt_GetModuleHandleW   1000ae40 f   libvcruntimed:winapi_thunks.obj
 0001:00009e50       ___vcrt_LoadLibraryExW     1000ae50 f   libvcruntimed:winapi_thunks.obj
 0001:00009e90       ??$?RD@__crt_internal_free_policy@@QBEXQBD@Z 1000ae90 f i libvcruntimed:std_type_info.obj
 0001:00009eb0       ??$?RX@__crt_internal_free_policy@@QBEXQBX@Z 1000aeb0 f i libvcruntimed:std_type_info.obj
 0001:00009ed0       ??$__crt_interlocked_compare_exchange_pointer@$$CBDPAD$$T@@YAPBDPDSBDQAD$$T@Z 1000aed0 f i libvcruntimed:std_type_info.obj
 0001:00009ef0       ??$__crt_interlocked_read_pointer@$$CBD@@YAPBDPDSBD@Z 1000aef0 f i libvcruntimed:std_type_info.obj
 0001:00009f10       ??0?$__crt_unique_heap_ptr@DU__crt_internal_free_policy@@@@QAE@QAD@Z 1000af10 f i libvcruntimed:std_type_info.obj
 0001:00009f30       ??0?$__crt_unique_heap_ptr@XU__crt_internal_free_policy@@@@QAE@QAX@Z 1000af30 f i libvcruntimed:std_type_info.obj
 0001:00009f50       ??1?$__crt_unique_heap_ptr@DU__crt_internal_free_policy@@@@QAE@XZ 1000af50 f i libvcruntimed:std_type_info.obj
 0001:00009f70       ??1?$__crt_unique_heap_ptr@XU__crt_internal_free_policy@@@@QAE@XZ 1000af70 f i libvcruntimed:std_type_info.obj
 0001:00009fb0       ??B?$__crt_unique_heap_ptr@DU__crt_internal_free_policy@@@@QBE_NXZ 1000afb0 f i libvcruntimed:std_type_info.obj
 0001:00009fd0       ??B?$__crt_unique_heap_ptr@XU__crt_internal_free_policy@@@@QBE_NXZ 1000afd0 f i libvcruntimed:std_type_info.obj
 0001:0000a040       ?__crt_interlocked_read_32@@YAHPDH@Z 1000b040 f i libvcruntimed:std_type_info.obj
 0001:0000a060       ?detach@?$__crt_unique_heap_ptr@XU__crt_internal_free_policy@@@@QAEPAXXZ 1000b060 f i libvcruntimed:std_type_info.obj
 0001:0000a090       ?get@?$__crt_unique_heap_ptr@DU__crt_internal_free_policy@@@@QBEPADXZ 1000b090 f i libvcruntimed:std_type_info.obj
 0001:0000a0a0       ?get@?$__crt_unique_heap_ptr@XU__crt_internal_free_policy@@@@QBEPAXXZ 1000b0a0 f i libvcruntimed:std_type_info.obj
 0001:0000a0b0       ?is_valid@?$__crt_unique_heap_ptr@DU__crt_internal_free_policy@@@@QBE_NXZ 1000b0b0 f i libvcruntimed:std_type_info.obj
 0001:0000a0e0       ?is_valid@?$__crt_unique_heap_ptr@XU__crt_internal_free_policy@@@@QBE_NXZ 1000b0e0 f i libvcruntimed:std_type_info.obj
 0001:0000a110       ?release@?$__crt_unique_heap_ptr@DU__crt_internal_free_policy@@@@QAEXXZ 1000b110 f i libvcruntimed:std_type_info.obj
 0001:0000a140       ?release@?$__crt_unique_heap_ptr@XU__crt_internal_free_policy@@@@QAEXXZ 1000b140 f i libvcruntimed:std_type_info.obj
 0001:0000a170       ___std_type_info_compare   1000b170 f   libvcruntimed:std_type_info.obj
 0001:0000a1a0       ___std_type_info_destroy_list 1000b1a0 f   libvcruntimed:std_type_info.obj
 0001:0000a1e0       ___std_type_info_hash      1000b1e0 f   libvcruntimed:std_type_info.obj
 0001:0000a240       ___std_type_info_name      1000b240 f   libvcruntimed:std_type_info.obj
 0001:0000a420       ___vcrt_initialize         1000b420 f   libvcruntimed:initialization.obj
 0001:0000a460       ___vcrt_thread_attach      1000b460 f   libvcruntimed:initialization.obj
 0001:0000a480       ___vcrt_thread_detach      1000b480 f   libvcruntimed:initialization.obj
 0001:0000a4a0       ___vcrt_uninitialize       1000b4a0 f   libvcruntimed:initialization.obj
 0001:0000a4c0       ___vcrt_uninitialize_critical 1000b4c0 f   libvcruntimed:initialization.obj
 0001:0000a4e0       __local_unwind4            1000b4e0 f   libvcruntimed:exsup4.obj
 0001:0000a5b8       __seh_longjmp_unwind4@4    1000b5b8 f   libvcruntimed:exsup4.obj
 0001:0000a5e0       @_EH4_CallFilterFunc@8     1000b5e0 f   libvcruntimed:exsup4.obj
 0001:0000a5f8       @_EH4_TransferToHandler@8  1000b5f8 f   libvcruntimed:exsup4.obj
 0001:0000a614       @_EH4_GlobalUnwind2@8      1000b614 f   libvcruntimed:exsup4.obj
 0001:0000a630       @_EH4_LocalUnwind@16       1000b630 f   libvcruntimed:exsup4.obj
 0001:0000a660       ___except_validate_context_record 1000b660 f   libvcruntimed:jbcxrval.obj
 0001:0000a6b0       ___except_validate_jump_buffer 1000b6b0 f   libvcruntimed:jbcxrval.obj
 0001:0000a6d0       ___except_validate_jump_buffer_common 1000b6d0 f i libvcruntimed:jbcxrval.obj
 0001:0000a730       ??0Block@_HeapManager@@QAE@XZ 1000b730 f i libvcruntimed:undname.obj
 0001:0000a750       ??0DName@@QAE@AAPBDD@Z     1000b750 f   libvcruntimed:undname.obj
 0001:0000a980       ??0DName@@QAE@ABV0@@Z      1000b980 f i libvcruntimed:undname.obj
 0001:0000a9b0       ??0DName@@QAE@D@Z          1000b9b0 f   libvcruntimed:undname.obj
 0001:0000a9f0       ??0DName@@QAE@PAV0@@Z      1000b9f0 f   libvcruntimed:undname.obj
 0001:0000aaa0       ??0DName@@QAE@PBD@Z        1000baa0 f   libvcruntimed:undname.obj
 0001:0000aaf0       ??0DName@@QAE@W4DNameStatus@@@Z 1000baf0 f   libvcruntimed:undname.obj
 0001:0000ab90       ??0DName@@QAE@XZ           1000bb90 f i libvcruntimed:undname.obj
 0001:0000abc0       ??0DName@@QAE@_J@Z         1000bbc0 f   libvcruntimed:undname.obj
 0001:0000acb0       ??0DName@@QAE@_K@Z         1000bcb0 f   libvcruntimed:undname.obj
 0001:0000ad60       ??0DNameNode@@IAE@XZ       1000bd60 f i libvcruntimed:undname.obj
 0001:0000ad80       ??0Replicator@@QAE@XZ      1000bd80 f i libvcruntimed:undname.obj
 0001:0000adc0       ??0UnDecorator@@QAE@PBDP6APADJ@ZK@Z 1000bdc0 f i libvcruntimed:undname.obj
 0001:0000ae40       ??0charNode@@QAE@D@Z       1000be40 f i libvcruntimed:undname.obj
 0001:0000ae70       ??0pDNameNode@@QAE@PAVDName@@@Z 1000be70 f   libvcruntimed:undname.obj
 0001:0000aed0       ??0pairNode@@QAE@PBVDNameNode@@0@Z 1000bed0 f i libvcruntimed:undname.obj
 0001:0000af10       ??0pcharNode@@QAE@PBDH@Z   1000bf10 f   libvcruntimed:undname.obj
 0001:0000afd0       ??2@YAPAXIAAV_HeapManager@@H@Z 1000bfd0 f i libvcruntimed:undname.obj
 0001:0000aff0       ??4DName@@QAEAAV0@ABV0@@Z  1000bff0 f   libvcruntimed:undname.obj
 0001:0000b020       ??4DName@@QAEAAV0@D@Z      1000c020 f i libvcruntimed:undname.obj
 0001:0000b060       ??4DName@@QAEAAV0@PAV0@@Z  1000c060 f   libvcruntimed:undname.obj
 0001:0000b100       ??4DName@@QAEAAV0@PBD@Z    1000c100 f   libvcruntimed:undname.obj
 0001:0000b140       ??4DName@@QAEAAV0@W4DNameStatus@@@Z 1000c140 f   libvcruntimed:undname.obj
 0001:0000b1c0       ??AReplicator@@QBE?AVDName@@H@Z 1000c1c0 f   libvcruntimed:undname.obj
 0001:0000b230       ??H@YA?AVDName@@DABV0@@Z   1000c230 f i libvcruntimed:undname.obj
 0001:0000b260       ??H@YA?AVDName@@PBDABV0@@Z 1000c260 f i libvcruntimed:undname.obj
 0001:0000b290       ??H@YA?AVDName@@W4DNameStatus@@ABV0@@Z 1000c290 f i libvcruntimed:undname.obj
 0001:0000b2c0       ??HDName@@QBE?AV0@ABV0@@Z  1000c2c0 f   libvcruntimed:undname.obj
 0001:0000b300       ??HDName@@QBE?AV0@D@Z      1000c300 f   libvcruntimed:undname.obj
 0001:0000b340       ??HDName@@QBE?AV0@PAV0@@Z  1000c340 f   libvcruntimed:undname.obj
 0001:0000b380       ??HDName@@QBE?AV0@PBD@Z    1000c380 f   libvcruntimed:undname.obj
 0001:0000b3c0       ??HDName@@QBE?AV0@W4DNameStatus@@@Z 1000c3c0 f   libvcruntimed:undname.obj
 0001:0000b400       ??YDName@@QAEAAV0@ABV0@@Z  1000c400 f   libvcruntimed:undname.obj
 0001:0000b470       ??YDName@@QAEAAV0@D@Z      1000c470 f   libvcruntimed:undname.obj
 0001:0000b4f0       ??YDName@@QAEAAV0@PAV0@@Z  1000c4f0 f   libvcruntimed:undname.obj
 0001:0000b5b0       ??YDName@@QAEAAV0@PBD@Z    1000c5b0 f   libvcruntimed:undname.obj
 0001:0000b650       ??YDName@@QAEAAV0@W4DNameStatus@@@Z 1000c650 f   libvcruntimed:undname.obj
 0001:0000b6b0       ??YReplicator@@QAEAAV0@ABVDName@@@Z 1000c6b0 f   libvcruntimed:undname.obj
 0001:0000b740       ??_5DName@@QAEAAV0@ABV0@@Z 1000c740 f   libvcruntimed:undname.obj
 0001:0000b7a0       ?Constructor@_HeapManager@@QAEXP6APAXI@ZP6AXPAX@Z@Z 1000c7a0 f i libvcruntimed:undname.obj
 0001:0000b7e0       ?Destructor@_HeapManager@@QAEXXZ 1000c7e0 f i libvcruntimed:undname.obj
 0001:0000b840       ?UScore@UnDecorator@@SAPBDW4Tokens@@@Z 1000c840 f   libvcruntimed:undname.obj
 0001:0000b870       ?append@DName@@AAEXPBVDNameNode@@@Z 1000c870 f   libvcruntimed:undname.obj
 0001:0000b900       ?composeDeclaration@UnDecorator@@CA?AVDName@@ABV2@@Z 1000c900 f i libvcruntimed:undname.obj
 0001:0000d820       ?dbGetString@DName@@QBEPADXZ 1000e820 f   libvcruntimed:undname.obj
 0001:0000d840       ?doAccessSpecifiers@UnDecorator@@SAHXZ 1000e840 f i libvcruntimed:undname.obj
 0001:0000d870       ?doAllocationLanguage@UnDecorator@@SAHXZ 1000e870 f i libvcruntimed:undname.obj
 0001:0000d8a0       ?doAllocationModel@UnDecorator@@SAHXZ 1000e8a0 f i libvcruntimed:undname.obj
 0001:0000d8d0       ?doEcsu@UnDecorator@@SAHXZ 1000e8d0 f i libvcruntimed:undname.obj
 0001:0000d900       ?doEllipsis@UnDecorator@@SAHXZ 1000e900 f i libvcruntimed:undname.obj
 0001:0000d930       ?doFunctionReturns@UnDecorator@@SAHXZ 1000e930 f i libvcruntimed:undname.obj
 0001:0000d960       ?doMSKeywords@UnDecorator@@SAHXZ 1000e960 f i libvcruntimed:undname.obj
 0001:0000d990       ?doMemberTypes@UnDecorator@@SAHXZ 1000e990 f i libvcruntimed:undname.obj
 0001:0000d9c0       ?doNameOnly@UnDecorator@@SAHXZ 1000e9c0 f i libvcruntimed:undname.obj
 0001:0000d9d0       ?doNoIdentCharCheck@UnDecorator@@SAHXZ 1000e9d0 f i libvcruntimed:undname.obj
 0001:0000d9e0       ?doPchar@DName@@AAEXPBDH@Z 1000e9e0 f   libvcruntimed:undname.obj
 0001:0000db20       ?doPtr64@UnDecorator@@SAHXZ 1000eb20 f i libvcruntimed:undname.obj
 0001:0000db50       ?doRestrictionSpec@UnDecorator@@SAHXZ 1000eb50 f i libvcruntimed:undname.obj
 0001:0000db80       ?doThisTypes@UnDecorator@@SAHXZ 1000eb80 f i libvcruntimed:undname.obj
 0001:0000dbb0       ?doThrowTypes@UnDecorator@@SAHXZ 1000ebb0 f i libvcruntimed:undname.obj
 0001:0000dbe0       ?doTypeOnly@UnDecorator@@SAHXZ 1000ebe0 f i libvcruntimed:undname.obj
 0001:0000dbf0       ?doUnderScore@UnDecorator@@SAHXZ 1000ebf0 f i libvcruntimed:undname.obj
 0001:0000dc20       ?getArgumentList@UnDecorator@@CA?AVDName@@XZ 1000ec20 f   libvcruntimed:undname.obj
 0001:0000dd70       ?getArgumentTypes@UnDecorator@@CA?AVDName@@XZ 1000ed70 f   libvcruntimed:undname.obj
 0001:0000dec0       ?getArrayType@UnDecorator@@CA?AVDName@@ABV2@@Z 1000eec0 f i libvcruntimed:undname.obj
 0001:0000e140       ?getBasedType@UnDecorator@@CA?AVDName@@XZ 1000f140 f   libvcruntimed:undname.obj
 0001:0000e210       ?getBasicDataType@UnDecorator@@CA?AVDName@@ABV2@@Z 1000f210 f   libvcruntimed:undname.obj
 0001:0000e830       ?getCHPEName@UnDecorator@@QAEPADPADH@Z 1000f830 f i libvcruntimed:undname.obj
 0001:0000e990       ?getCallIndex@UnDecorator@@CA?AVDName@@XZ 1000f990 f i libvcruntimed:undname.obj
 0001:0000e9b0       ?getCallingConvention@UnDecorator@@CA?AVDName@@XZ 1000f9b0 f   libvcruntimed:undname.obj
 0001:0000ebd0       ?getDataIndirectType@UnDecorator@@CA?AVDName@@ABV2@PBD0H@Z 1000fbd0 f   libvcruntimed:undname.obj
 0001:0000f4d0       ?getDataIndirectType@UnDecorator@@CA?AVDName@@XZ 100104d0 f i libvcruntimed:undname.obj
 0001:0000f510       ?getDataType@UnDecorator@@CA?AVDName@@PAV2@@Z 10010510 f   libvcruntimed:undname.obj
 0001:0000f630       ?getDecoratedName@UnDecorator@@CA?AVDName@@XZ 10010630 f   libvcruntimed:undname.obj
 0001:0000fa60       ?getDimension@UnDecorator@@CA?AVDName@@_N@Z 10010a60 f   libvcruntimed:undname.obj
 0001:0000fd10       ?getDispatchTarget@UnDecorator@@CA?AVDName@@XZ 10010d10 f   libvcruntimed:undname.obj
 0001:0000fdb0       ?getDisplacement@UnDecorator@@CA?AVDName@@XZ 10010db0 f i libvcruntimed:undname.obj
 0001:0000fdd0       ?getECSUDataType@UnDecorator@@CA?AVDName@@XZ 10010dd0 f   libvcruntimed:undname.obj
 0001:0000ffb0       ?getECSUName@UnDecorator@@CA?AVDName@@XZ 10010fb0 f i libvcruntimed:undname.obj
 0001:0000ffd0       ?getEnumType@UnDecorator@@CA?AVDName@@XZ 10010fd0 f i libvcruntimed:undname.obj
 0001:00010120       ?getExtendedDataIndirectType@UnDecorator@@CA?AVDName@@AAPBDAA_NH@Z 10011120 f   libvcruntimed:undname.obj
 0001:00010380       ?getExternalDataType@UnDecorator@@CA?AVDName@@ABV2@@Z 10011380 f i libvcruntimed:undname.obj
 0001:00010420       ?getFunctionIndirectType@UnDecorator@@CA?AVDName@@ABV2@@Z 10011420 f   libvcruntimed:undname.obj
 0001:00010970       ?getGuardNumber@UnDecorator@@CA?AVDName@@XZ 10011970 f i libvcruntimed:undname.obj
 0001:00010990       ?getLastChar@DName@@QBEDXZ 10011990 f i libvcruntimed:undname.obj
 0001:000109d0       ?getLastChar@DNameStatusNode@@UBEDXZ 100119d0 f i libvcruntimed:undname.obj
 0001:00010a00       ?getLastChar@charNode@@UBEDXZ 10011a00 f i libvcruntimed:undname.obj
 0001:00010a20       ?getLastChar@pDNameNode@@UBEDXZ 10011a20 f i libvcruntimed:undname.obj
 0001:00010a50       ?getLastChar@pairNode@@UBEDXZ 10011a50 f i libvcruntimed:undname.obj
 0001:00010ac0       ?getLastChar@pcharNode@@UBEDXZ 10011ac0 f i libvcruntimed:undname.obj
 0001:00010b00       ?getLexicalFrame@UnDecorator@@CA?AVDName@@XZ 10011b00 f i libvcruntimed:undname.obj
 0001:00010b40       ?getMemory@_HeapManager@@QAEPAXIH@Z 10011b40 f   libvcruntimed:undname.obj
 0001:00010c60       ?getNoexcept@UnDecorator@@CA?AVDName@@XZ 10011c60 f   libvcruntimed:undname.obj
 0001:00010cd0       ?getNumberOfDimensions@UnDecorator@@CAHXZ 10011cd0 f   libvcruntimed:undname.obj
 0001:00010dd0       ?getOperatorName@UnDecorator@@CA?AVDName@@_NPA_N@Z 10011dd0 f i libvcruntimed:undname.obj
 0001:000118c0       ?getPointerType@UnDecorator@@CA?AVDName@@ABV2@0@Z 100128c0 f i libvcruntimed:undname.obj
 0001:000118f0       ?getPointerTypeArray@UnDecorator@@CA?AVDName@@ABV2@0@Z 100128f0 f i libvcruntimed:undname.obj
 0001:00011920       ?getPrimaryDataType@UnDecorator@@CA?AVDName@@ABV2@@Z 10012920 f   libvcruntimed:undname.obj
 0001:00011d20       ?getPtrRefDataType@UnDecorator@@CA?AVDName@@ABV2@H@Z 10012d20 f   libvcruntimed:undname.obj
 0001:00011f50       ?getPtrRefType@UnDecorator@@CA?AVDName@@ABV2@0PBD@Z 10012f50 f   libvcruntimed:undname.obj
 0001:000120c0       ?getReferenceType@UnDecorator@@CA?AVDName@@ABV2@0PBD@Z 100130c0 f i libvcruntimed:undname.obj
 0001:000120e0       ?getRestrictionSpec@UnDecorator@@CA?AVDName@@XZ 100130e0 f   libvcruntimed:undname.obj
 0001:00012260       ?getReturnType@UnDecorator@@CA?AVDName@@PAV2@@Z 10013260 f   libvcruntimed:undname.obj
 0001:000122b0       ?getScope@UnDecorator@@CA?AVDName@@XZ 100132b0 f   libvcruntimed:undname.obj
 0001:00012850       ?getScopedName@UnDecorator@@CA?AVDName@@XZ 10013850 f   libvcruntimed:undname.obj
 0001:00012990       ?getSignedDimension@UnDecorator@@CA?AVDName@@XZ 10013990 f   libvcruntimed:undname.obj
 0001:00012a10       ?getStorageConvention@UnDecorator@@CA?AVDName@@XZ 10013a10 f i libvcruntimed:undname.obj
 0001:00012a30       ?getString@DName@@QBEPADPAD0@Z 10013a30 f i libvcruntimed:undname.obj
 0001:00012a90       ?getString@DName@@QBEPADPADH@Z 10013a90 f i libvcruntimed:undname.obj
 0001:00012b20       ?getString@DNameStatusNode@@UBEPADPAD0@Z 10013b20 f i libvcruntimed:undname.obj
 0001:00012b60       ?getString@charNode@@UBEPADPAD0@Z 10013b60 f i libvcruntimed:undname.obj
 0001:00012b90       ?getString@pDNameNode@@UBEPADPAD0@Z 10013b90 f i libvcruntimed:undname.obj
 0001:00012bd0       ?getString@pairNode@@UBEPADPAD0@Z 10013bd0 f i libvcruntimed:undname.obj
 0001:00012c60       ?getString@pcharNode@@UBEPADPAD0@Z 10013c60 f i libvcruntimed:undname.obj
 0001:00012c90       ?getStringEncoding@UnDecorator@@CA?AVDName@@PBDH@Z 10013c90 f   libvcruntimed:undname.obj
 0001:00012da0       ?getStringHelper@@YAPADPADPBD1H@Z 10013da0 f i libvcruntimed:undname.obj
 0001:00012de0       ?getSymbolName@UnDecorator@@CA?AVDName@@XZ 10013de0 f i libvcruntimed:undname.obj
 0001:00012e70       ?getTemplateArgumentList@UnDecorator@@CA?AVDName@@XZ 10013e70 f   libvcruntimed:undname.obj
 0001:00013290       ?getTemplateConstant@UnDecorator@@CA?AVDName@@XZ 10014290 f   libvcruntimed:undname.obj
 0001:000138b0       ?getTemplateName@UnDecorator@@CA?AVDName@@_N@Z 100148b0 f   libvcruntimed:undname.obj
 0001:00013a90       ?getThisType@UnDecorator@@CA?AVDName@@XZ 10014a90 f i libvcruntimed:undname.obj
 0001:00013ad0       ?getThrowTypes@UnDecorator@@CA?AVDName@@XZ 10014ad0 f   libvcruntimed:undname.obj
 0001:00013b10       ?getTypeEncoding@UnDecorator@@CAHXZ 10014b10 f i libvcruntimed:undname.obj
 0001:000145a0       ?getUndecoratedName@UnDecorator@@QAEPADPADH@Z 100155a0 f i libvcruntimed:undname.obj
 0001:000146f0       ?getVCallThunkType@UnDecorator@@CA?AVDName@@XZ 100156f0 f i libvcruntimed:undname.obj
 0001:00014750       ?getVbTableType@UnDecorator@@CA?AVDName@@ABV2@@Z 10015750 f i libvcruntimed:undname.obj
 0001:00014770       ?getVdispMapType@UnDecorator@@CA?AVDName@@ABV2@@Z 10015770 f i libvcruntimed:undname.obj
 0001:000147f0       ?getVfTableType@UnDecorator@@CA?AVDName@@ABV2@@Z 100157f0 f i libvcruntimed:undname.obj
 0001:000149d0       ?getZName@UnDecorator@@CA?AVDName@@_N0@Z 100159d0 f   libvcruntimed:undname.obj
 0001:00014cd0       ?haveTemplateParameters@UnDecorator@@SAHXZ 10015cd0 f i libvcruntimed:undname.obj
 0001:00014ce0       ?isArray@DName@@QBEHXZ     10015ce0 f i libvcruntimed:undname.obj
 0001:00014d00       ?isComArray@DName@@QBEHXZ  10015d00 f i libvcruntimed:undname.obj
 0001:00014d20       ?isEmpty@DName@@QBEHXZ     10015d20 f i libvcruntimed:undname.obj
 0001:00014d50       ?isFull@Replicator@@QBEHXZ 10015d50 f i libvcruntimed:undname.obj
 0001:00014d80       ?isNoTE@DName@@QBEHXZ      10015d80 f i libvcruntimed:undname.obj
 0001:00014da0       ?isPinPtr@DName@@QBEHXZ    10015da0 f i libvcruntimed:undname.obj
 0001:00014dc0       ?isPtrRef@DName@@QBEHXZ    10015dc0 f i libvcruntimed:undname.obj
 0001:00014de0       ?isUDC@DName@@QBEHXZ       10015de0 f i libvcruntimed:undname.obj
 0001:00014e20       ?isUDTThunk@DName@@QBEHXZ  10015e20 f i libvcruntimed:undname.obj
 0001:00014e60       ?isVCallThunk@DName@@QBEHXZ 10015e60 f i libvcruntimed:undname.obj
 0001:00014e80       ?isValid@DName@@QBEHXZ     10015e80 f i libvcruntimed:undname.obj
 0001:00014ec0       ?length@DName@@QBEHXZ      10015ec0 f i libvcruntimed:undname.obj
 0001:00014f00       ?length@DNameStatusNode@@UBEHXZ 10015f00 f i libvcruntimed:undname.obj
 0001:00014f20       ?length@charNode@@UBEHXZ   10015f20 f i libvcruntimed:undname.obj
 0001:00014f30       ?length@pDNameNode@@UBEHXZ 10015f30 f i libvcruntimed:undname.obj
 0001:00014f60       ?length@pairNode@@UBEHXZ   10015f60 f i libvcruntimed:undname.obj
 0001:00014fd0       ?length@pcharNode@@UBEHXZ  10015fd0 f i libvcruntimed:undname.obj
 0001:00014ff0       ?make@DNameStatusNode@@SAPBV1@W4DNameStatus@@@Z 10015ff0 f i libvcruntimed:undname.obj
 0001:00015020       ?parseDecoratedName@UnDecorator@@CA?AVDName@@XZ 10016020 f   libvcruntimed:undname.obj
 0001:000151b0       ?setIsArray@DName@@QAEXXZ  100161b0 f i libvcruntimed:undname.obj
 0001:000151d0       ?setIsComArray@DName@@QAEXXZ 100161d0 f i libvcruntimed:undname.obj
 0001:000151f0       ?setIsNoTE@DName@@QAEXXZ   100161f0 f i libvcruntimed:undname.obj
 0001:00015210       ?setIsPinPtr@DName@@QAEXXZ 10016210 f i libvcruntimed:undname.obj
 0001:00015230       ?setIsUDC@DName@@QAEXXZ    10016230 f i libvcruntimed:undname.obj
 0001:00015260       ?setIsVCallThunk@DName@@QAEXXZ 10016260 f i libvcruntimed:undname.obj
 0001:00015280       ?setPtrRef@DName@@QAEAAV1@XZ 10016280 f i libvcruntimed:undname.obj
 0001:000152a0       ?status@DName@@QBE?AW4DNameStatus@@XZ 100162a0 f i libvcruntimed:undname.obj
 0001:000153a0       ___unDName                 100163a0 f   libvcruntimed:undname.obj
 0001:000153d0       ___unDNameEx               100163d0 f   libvcruntimed:undname.obj
 0001:000154a0       _unDNameGenerateCHPE       100164a0 f   libvcruntimed:undname.obj
 0001:00015500       ??$?RU__vcrt_ptd@@@__crt_internal_free_policy@@QBEXQBU__vcrt_ptd@@@Z 10016500 f i libvcruntimed:per_thread_data.obj
 0001:00015520       ??0?$__crt_unique_heap_ptr@U__vcrt_ptd@@U__crt_internal_free_policy@@@@QAE@QAU__vcrt_ptd@@@Z 10016520 f i libvcruntimed:per_thread_data.obj
 0001:00015560       ??1?$__crt_unique_heap_ptr@U__vcrt_ptd@@U__crt_internal_free_policy@@@@QAE@XZ 10016560 f i libvcruntimed:per_thread_data.obj
 0001:000155a0       ??B?$__crt_unique_heap_ptr@U__vcrt_ptd@@U__crt_internal_free_policy@@@@QBE_NXZ 100165a0 f i libvcruntimed:per_thread_data.obj
 0001:000155c0       ?detach@?$__crt_unique_heap_ptr@U__vcrt_ptd@@U__crt_internal_free_policy@@@@QAEPAU__vcrt_ptd@@XZ 100165c0 f i libvcruntimed:per_thread_data.obj
 0001:000155f0       ?get@?$__crt_unique_heap_ptr@U__vcrt_ptd@@U__crt_internal_free_policy@@@@QBEPAU__vcrt_ptd@@XZ 100165f0 f i libvcruntimed:per_thread_data.obj
 0001:00015600       ?is_valid@?$__crt_unique_heap_ptr@U__vcrt_ptd@@U__crt_internal_free_policy@@@@QBE_NXZ 10016600 f i libvcruntimed:per_thread_data.obj
 0001:00015630       ?release@?$__crt_unique_heap_ptr@U__vcrt_ptd@@U__crt_internal_free_policy@@@@QAEXXZ 10016630 f i libvcruntimed:per_thread_data.obj
 0001:00015690       ___vcrt_freefls@4          10016690 f   libvcruntimed:per_thread_data.obj
 0001:000156c0       ___vcrt_freeptd            100166c0 f   libvcruntimed:per_thread_data.obj
 0001:00015720       ___vcrt_getptd             10016720 f   libvcruntimed:per_thread_data.obj
 0001:00015740       ___vcrt_getptd_noexit      10016740 f   libvcruntimed:per_thread_data.obj
 0001:000158a0       ___vcrt_getptd_noinit      100168a0 f   libvcruntimed:per_thread_data.obj
 0001:00015900       ___vcrt_initialize_ptd     10016900 f   libvcruntimed:per_thread_data.obj
 0001:00015950       ___vcrt_uninitialize_ptd   10016950 f   libvcruntimed:per_thread_data.obj
 0001:00015980       ___vcrt_initialize_locks   10016980 f   libvcruntimed:locks.obj
 0001:000159e0       ___vcrt_lock               100169e0 f   libvcruntimed:locks.obj
 0001:00015a00       ___vcrt_uninitialize_locks 10016a00 f   libvcruntimed:locks.obj
 0001:00015a50       ___vcrt_unlock             10016a50 f   libvcruntimed:locks.obj
 0001:00015a70       ??$?BX@__crt_fast_encoded_nullptr_t@@QBEPAXXZ 10016a70 f i libvcruntimed:winapi_downlevel.obj
 0001:00015a90       ??$__crt_fast_decode_pointer@PAX@@YAPAXQAX@Z 10016a90 f i libvcruntimed:winapi_downlevel.obj
 0001:00015ac0       ??$__crt_fast_encode_pointer@PAX@@YAPAXQAX@Z 10016ac0 f i libvcruntimed:winapi_downlevel.obj
 0001:00015af0       ??$__crt_interlocked_exchange_pointer@UHINSTANCE__@@PAU1@@@YAPAUHINSTANCE__@@PDSAU0@QAU0@@Z 10016af0 f i libvcruntimed:winapi_downlevel.obj
 0001:00015b00       ??$__crt_interlocked_exchange_pointer@UHINSTANCE__@@PAX@@YAPAUHINSTANCE__@@PDSAU0@QAX@Z 10016b00 f i libvcruntimed:winapi_downlevel.obj
 0001:00015b10       ??$__crt_interlocked_exchange_pointer@XPAX@@YAPAXPDSAXQAX@Z 10016b10 f i libvcruntimed:winapi_downlevel.obj
 0001:00015b20       ??$__crt_interlocked_read_pointer@UHINSTANCE__@@@@YAPAUHINSTANCE__@@PDSAU0@@Z 10016b20 f i libvcruntimed:winapi_downlevel.obj
 0001:00015b40       ??$__crt_interlocked_read_pointer@X@@YAPAXPDSAX@Z 10016b40 f i libvcruntimed:winapi_downlevel.obj
 0001:00015b60       ?__crt_fast_encode_pointer@@YA?AU__crt_fast_encoded_nullptr_t@@$$T@Z 10016b60 f i libvcruntimed:winapi_downlevel.obj
 0001:00015f60       ___vcrt_FlsAlloc           10016f60 f   libvcruntimed:winapi_downlevel.obj
 0001:00015fa0       ___vcrt_FlsFree            10016fa0 f   libvcruntimed:winapi_downlevel.obj
 0001:00015fe0       ___vcrt_FlsGetValue        10016fe0 f   libvcruntimed:winapi_downlevel.obj
 0001:00016020       ___vcrt_FlsSetValue        10017020 f   libvcruntimed:winapi_downlevel.obj
 0001:00016070       ___vcrt_InitializeCriticalSectionEx 10017070 f   libvcruntimed:winapi_downlevel.obj
 0001:000160c0       ___vcrt_initialize_winapi_thunks 100170c0 f   libvcruntimed:winapi_downlevel.obj
 0001:00016120       ___vcrt_uninitialize_winapi_thunks 10017120 f   libvcruntimed:winapi_downlevel.obj
 0001:00016190       ??$?B$$A6AXXZ@__crt_fast_encoded_nullptr_t@@QBEP6AXXZXZ 10017190 f i libvcruntimed:purevirt_data.obj
 0001:000161b0       ??$__crt_fast_encode_pointer@P6AXXZ@@YAP6AXXZQ6AXXZ@Z 100171b0 f i libvcruntimed:purevirt_data.obj
 0001:000161e0       ___vcrt_initialize_pure_virtual_call_handler 100171e0 f   libvcruntimed:purevirt_data.obj
 0001:00016210       __global_unwind2           10017210 f   libvcruntimed:exsup.obj
 0001:00016276       __local_unwind2            10017276 f   libvcruntimed:exsup.obj
 0001:000162fa       __abnormal_termination     100172fa f   libvcruntimed:exsup.obj
 0001:00016320       __NLG_Notify1              10017320 f   libvcruntimed:exsup.obj
 0001:0001632c       __NLG_Notify               1001732c f   libvcruntimed:exsup.obj
 0001:00016343       __NLG_Dispatch             10017343     libvcruntimed:exsup.obj
 0001:00016343       __NLG_Dispatch2            10017343     libvcruntimed:exsup.obj
 0001:0001634b       __NLG_Call                 1001734b f   libvcruntimed:exsup.obj
 0001:0001634d       __NLG_Return2              1001734d     libvcruntimed:exsup.obj
 0001:00016350       ??$__crt_fast_decode_pointer@P6AXXZ@@YAP6AXXZQ6AXXZ@Z 10017350 f i libvcruntimed:purevirt.obj
 0001:00016380       ??$__crt_interlocked_exchange_pointer@$$A6AXXZP6AXXZ@@YAP6AXXZPDS6AXXZQ6AXXZ@Z 10017380 f i libvcruntimed:purevirt.obj
 0001:00016390       ??$__crt_interlocked_read_pointer@$$A6AXXZ@@YAP6AXXZPDS6AXXZ@Z 10017390 f i libvcruntimed:purevirt.obj
 0001:000163b0       __get_purecall_handler     100173b0 f   libvcruntimed:purevirt.obj
 0001:000163d0       __purecall                 100173d0 f   libvcruntimed:purevirt.obj
 0001:00016400       __set_purecall_handler     10017400 f   libvcruntimed:purevirt.obj
 0001:00016430       ??$?0AAViterator@TryBlockMap@__FrameHandler3@@AAV012@$0A@@?$pair@Viterator@TryBlockMap@__FrameHandler3@@V123@@std@@QAE@AAViterator@TryBlockMap@__FrameHandler3@@0@Z 10017430 f i libvcruntimed:trnsctrl.obj
 0001:00016480       ??$forward@AAViterator@TryBlockMap@__FrameHandler3@@@std@@YAAAViterator@TryBlockMap@__FrameHandler3@@AAV123@@Z 10017480 f i libvcruntimed:trnsctrl.obj
 0001:00016490       ??0iterator@TryBlockMap@__FrameHandler3@@QAE@AAV12@I@Z 10017490 f i libvcruntimed:trnsctrl.obj
 0001:000164c0       ?GetRangeOfTrysToCheck@__FrameHandler3@@SA?AU?$pair@Viterator@TryBlockMap@__FrameHandler3@@V123@@std@@AAVTryBlockMap@1@HH@Z 100174c0 f   libvcruntimed:trnsctrl.obj
 0001:000165b0       ?_CallCatchBlock2@@YAPAXPAUEHRegistrationNode@@PBU_s_FuncInfo@@PAXHK@Z 100175b0 f   libvcruntimed:trnsctrl.obj
 0001:00016620       ?_CallSETranslator@@YAHPAUEHExceptionRecord@@PAUEHRegistrationNode@@PAX2PBU_s_FuncInfo@@H1@Z 10017620 f   libvcruntimed:trnsctrl.obj
 0001:00016710       ?_JumpToContinuation@@YGXPAXPAUEHRegistrationNode@@@Z 10017710 f   libvcruntimed:trnsctrl.obj
 0001:00016750       ?_UnwindNestedFrames@@YGXPAUEHRegistrationNode@@PAUEHExceptionRecord@@@Z 10017750 f   libvcruntimed:trnsctrl.obj
 0001:000167b0       ?getFuncInfo@TryBlockMap@__FrameHandler3@@QAEPBU_s_FuncInfo@@XZ 100177b0 f i libvcruntimed:trnsctrl.obj
 0001:000167c0       __CatchGuardHandler        100177c0 f   libvcruntimed:trnsctrl.obj
 0001:00016810       __CreateFrameInfo          10017810 f   libvcruntimed:trnsctrl.obj
 0001:00016840       __FindAndUnlinkFrame       10017840 f   libvcruntimed:trnsctrl.obj
 0001:000168b0       __TranslatorGuardHandler   100178b0 f   libvcruntimed:trnsctrl.obj
 0001:00016960       ___CxxFrameHandler         10017960 f   libvcruntimed:trnsctrl.obj
 0001:000169a0       ___CxxFrameHandler2        100179a0 f   libvcruntimed:trnsctrl.obj
 0001:000169e0       ___CxxFrameHandler3        100179e0 f   libvcruntimed:trnsctrl.obj
 0001:00016a20       ___CxxLongjmpUnwind@4      10017a20 f   libvcruntimed:trnsctrl.obj
 0001:00017630       ??$TypeMatchHelper@V__FrameHandler3@@@@YAHPBU_s_HandlerType@@PBU_s_CatchableType@@PBU_s_ThrowInfo@@@Z 10018630 f i libvcruntimed:frame.obj
 0001:00017710       ??$__InternalCxxFrameHandler@V__FrameHandler3@@@@YA?AW4_EXCEPTION_DISPOSITION@@PAUEHExceptionRecord@@PAUEHRegistrationNode@@PAU_CONTEXT@@PAXPBU_s_FuncInfo@@H1E@Z 10018710 f i libvcruntimed:frame.obj
 0001:000178f0       ??0HandlerMap@__FrameHandler3@@QAE@PBU_s_TryBlockMapEntry@@PAX@Z 100188f0 f i libvcruntimed:frame.obj
 0001:00017920       ??0TryBlockMap@__FrameHandler3@@QAE@PBU_s_FuncInfo@@PAX@Z 10018920 f i libvcruntimed:frame.obj
 0001:00017950       ??0bad_exception@std@@QAE@ABV01@@Z 10018950 f i libvcruntimed:frame.obj
 0001:00017980       ??0bad_exception@std@@QAE@XZ 10018980 f i libvcruntimed:frame.obj
 0001:000179b0       ??0exception@std@@QAE@ABV01@@Z 100189b0 f i libvcruntimed:frame.obj
 0001:000179f0       ??0exception@std@@QAE@QBDH@Z 100189f0 f i libvcruntimed:frame.obj
 0001:00017a20       ??0iterator@HandlerMap@__FrameHandler3@@QAE@AAV12@I@Z 10018a20 f i libvcruntimed:frame.obj
 0001:00017a50       ??1bad_exception@std@@UAE@XZ 10018a50 f i libvcruntimed:frame.obj
 0001:00017a70       ??1exception@std@@UAE@XZ   10018a70 f i libvcruntimed:frame.obj
 0001:00017aa0       ??8iterator@HandlerMap@__FrameHandler3@@QBE_NABV012@@Z 10018aa0 f i libvcruntimed:frame.obj
 0001:00017ad0       ??8type_info@@QBE_NABV0@@Z 10018ad0 f i libvcruntimed:frame.obj
 0001:00017b10       ??9iterator@HandlerMap@__FrameHandler3@@QBE_NABV012@@Z 10018b10 f i libvcruntimed:frame.obj
 0001:00017b50       ??Diterator@HandlerMap@__FrameHandler3@@QAEPBU_s_HandlerType@@XZ 10018b50 f i libvcruntimed:frame.obj
 0001:00017b70       ??Diterator@TryBlockMap@__FrameHandler3@@QAEPBU_s_TryBlockMapEntry@@XZ 10018b70 f i libvcruntimed:frame.obj
 0001:00017b90       ??Eiterator@HandlerMap@__FrameHandler3@@QAEAAV012@XZ 10018b90 f i libvcruntimed:frame.obj
 0001:00017bb0       ??Eiterator@TryBlockMap@__FrameHandler3@@QAEAAV012@XZ 10018bb0 f i libvcruntimed:frame.obj
 0001:00017bd0       ??Miterator@TryBlockMap@__FrameHandler3@@QBE_NABV012@@Z 10018bd0 f i libvcruntimed:frame.obj
 0001:00017c00       ??_Gbad_exception@std@@UAEPAXI@Z 10018c00 f i libvcruntimed:frame.obj
 0001:00017c00       ??_Ebad_exception@std@@UAEPAXI@Z 10018c00 f i libvcruntimed:frame.obj
 0001:00017c30       ??_Eexception@std@@UAEPAXI@Z 10018c30 f i libvcruntimed:frame.obj
 0001:00017c30       ??_Gexception@std@@UAEPAXI@Z 10018c30 f i libvcruntimed:frame.obj
 0001:00017c60       ?BuildCatchObject@__FrameHandler3@@SAXPAUEHExceptionRecord@@PAXPBU_s_HandlerType@@PBU_s_CatchableType@@@Z 10018c60 f   libvcruntimed:frame.obj
 0001:00017c80       ?BuildCatchObjectHelper@__FrameHandler3@@SAHPAUEHExceptionRecord@@PAXPBU_s_HandlerType@@PBU_s_CatchableType@@@Z 10018c80 f   libvcruntimed:frame.obj
 0001:00018020       ?FrameUnwindToEmptyState@__FrameHandler3@@SAXPAUEHRegistrationNode@@PAXPBU_s_FuncInfo@@@Z 10019020 f   libvcruntimed:frame.obj
 0001:00018040       ?FrameUnwindToState@__FrameHandler3@@SAXPAUEHRegistrationNode@@PAXPBU_s_FuncInfo@@H@Z 10019040 f   libvcruntimed:frame.obj
 0001:000181c0       ?GetMaxState@__FrameHandler3@@SAHPAXPBU_s_FuncInfo@@@Z 100191c0 f i libvcruntimed:frame.obj
 0001:000182f0       ?TypeMatch@__FrameHandler3@@SAHPBU_s_HandlerType@@PBU_s_CatchableType@@PBU_s_ThrowInfo@@@Z 100192f0 f   libvcruntimed:frame.obj
 0001:00018310       ?_CallMemberFunction1@@YGXQAX00@Z 10019310 f i libvcruntimed:frame.obj
 0001:00018330       ?_CallMemberFunction2@@YGXQAX00H@Z 10019330 f i libvcruntimed:frame.obj
 0001:00018350       ?_ValidateExecute@@YA_NP6GHXZ@Z 10019350 f i libvcruntimed:frame.obj
 0001:00018370       ?_ValidateRead@@YA_NPBXI@Z 10019370 f i libvcruntimed:frame.obj
 0001:00018390       ?_ValidateWrite@@YA_NPAXI@Z 10019390 f i libvcruntimed:frame.obj
 0001:000183b0       ?begin@HandlerMap@__FrameHandler3@@QAE?AViterator@12@XZ 100193b0 f i libvcruntimed:frame.obj
 0001:000183d0       ?end@HandlerMap@__FrameHandler3@@QAE?AViterator@12@XZ 100193d0 f i libvcruntimed:frame.obj
 0001:00018400       ?getESTypes@__FrameHandler3@@SAPBU_s_ESTypeList@@PBU_s_FuncInfo@@@Z 10019400 f i libvcruntimed:frame.obj
 0001:00018410       ?getLastEntry@HandlerMap@__FrameHandler3@@QAEPBU_s_HandlerType@@XZ 10019410 f i libvcruntimed:frame.obj
 0001:00018430       ?getMagicNum@__FrameHandler3@@SAIPBU_s_FuncInfo@@@Z 10019430 f i libvcruntimed:frame.obj
 0001:00018440       ?getNumTryBlocks@TryBlockMap@__FrameHandler3@@QAEIXZ 10019440 f i libvcruntimed:frame.obj
 0001:00018460       ?isEHs@__FrameHandler3@@SA_NPBU_s_FuncInfo@@@Z 10019460 f i libvcruntimed:frame.obj
 0001:00018490       ?isNoExcept@__FrameHandler3@@SA_NPBU_s_FuncInfo@@@Z 10019490 f i libvcruntimed:frame.obj
 0001:000184c0       ?what@exception@std@@UBEPBDXZ 100194c0 f i libvcruntimed:frame.obj
 0001:000184f0       ___BuildCatchObject        100194f0 f   libvcruntimed:frame.obj
 0001:00018510       ___BuildCatchObjectHelper  10019510 f   libvcruntimed:frame.obj
 0001:00018530       ___TypeMatch               10019530 f   libvcruntimed:frame.obj
 0001:00018550       ___vcrt_EncodePointer      10019550 f i libvcruntimed:frame.obj
 0001:00018560       __CallSettingFrame@12      10019560 f   libvcruntimed:lowhelpr.obj
 0001:00018587       __NLG_Return               10019587     libvcruntimed:lowhelpr.obj
 0001:000185e0       __get_unexpected           100195e0 f   libvcruntimed:unexpected.obj
 0001:00018600       _set_unexpected            10019600 f   libvcruntimed:unexpected.obj
 0001:00018630       _unexpected                10019630 f   libvcruntimed:unexpected.obj
 0001:00018670       _memmove                   10019670 f   libvcruntimed:memmove.obj
 0001:00018bf0       ?GetCurrentState@__FrameHandler3@@SAHPAUEHRegistrationNode@@PAXPBU_s_FuncInfo@@@Z 10019bf0 f   libvcruntimed:ehstate.obj
 0001:00018c20       ?SetState@__FrameHandler3@@SAXPAUEHRegistrationNode@@PBU_s_FuncInfo@@H@Z 10019c20 f   libvcruntimed:ehstate.obj
 0001:00018c30       ___DestructExceptionObject 10019c30 f   libvcruntimed:ehhelpers.obj
 0001:00018d60       ?_CallMemberFunction0@@YGXQAX0@Z 10019d60 f i libvcruntimed:ehhelpers.obj
 0001:00018d80       ?raw_name@type_info@@QBEPBDXZ 10019d80 f i libvcruntimed:ehhelpers.obj
 0001:00018da0       __IsExceptionObjectToBeDestroyed 10019da0 f   libvcruntimed:ehhelpers.obj
 0001:00018de0       __SetWinRTOutOfMemoryExceptionCallback 10019de0 f   libvcruntimed:ehhelpers.obj
 0001:00018df0       ___AdjustPointer           10019df0 f   libvcruntimed:ehhelpers.obj
 0001:00018e40       ___FrameUnwindFilter       10019e40 f   libvcruntimed:ehhelpers.obj
 0001:00018ec0       ___GetPlatformExceptionInfo 10019ec0 f   libvcruntimed:ehhelpers.obj
 0001:00018f40       ___current_exception       10019f40 f   libvcruntimed:ehhelpers.obj
 0001:00018f50       ___current_exception_context 10019f50 f   libvcruntimed:ehhelpers.obj
 0001:00018f60       ___processing_throw        10019f60 f   libvcruntimed:ehhelpers.obj
 0001:00018f70       ___std_terminate           10019f70 f   libvcruntimed:ehhelpers.obj
 0001:00018f80       __is_exception_typeof      10019f80 f   libvcruntimed:ehhelpers.obj
 0001:00019060       ??$?RD@__crt_public_free_policy@@QBEXQBD@Z 1001a060 f i libvcruntimed:std_exception.obj
 0001:00019080       ??0?$__crt_unique_heap_ptr@DU__crt_public_free_policy@@@@QAE@QAD@Z 1001a080 f i libvcruntimed:std_exception.obj
 0001:000190a0       ??1?$__crt_unique_heap_ptr@DU__crt_public_free_policy@@@@QAE@XZ 1001a0a0 f i libvcruntimed:std_exception.obj
 0001:000190c0       ??B?$__crt_unique_heap_ptr@DU__crt_public_free_policy@@@@QBE_NXZ 1001a0c0 f i libvcruntimed:std_exception.obj
 0001:000190e0       ?detach@?$__crt_unique_heap_ptr@DU__crt_public_free_policy@@@@QAEPADXZ 1001a0e0 f i libvcruntimed:std_exception.obj
 0001:00019110       ?get@?$__crt_unique_heap_ptr@DU__crt_public_free_policy@@@@QBEPADXZ 1001a110 f i libvcruntimed:std_exception.obj
 0001:00019120       ?is_valid@?$__crt_unique_heap_ptr@DU__crt_public_free_policy@@@@QBE_NXZ 1001a120 f i libvcruntimed:std_exception.obj
 0001:00019150       ?release@?$__crt_unique_heap_ptr@DU__crt_public_free_policy@@@@QAEXXZ 1001a150 f i libvcruntimed:std_exception.obj
 0001:00019180       ___std_exception_copy      1001a180 f   libvcruntimed:std_exception.obj
 0001:00019260       ___std_exception_destroy   1001a260 f   libvcruntimed:std_exception.obj
 0001:00019290       __CxxThrowException@8      1001a290 f   libvcruntimed:throw.obj
 0001:00019350       ??$__crt_interlocked_read@J@@YAJPDJ@Z 1001a350 f i libucrtd:assert.obj
 0001:00019370       ??$__vcrt_va_start_verify_argument_type@QBD@@YAXXZ 1001a370 f i libucrtd:assert.obj
 0001:00019380       ??$__vcrt_va_start_verify_argument_type@QB_W@@YAXXZ 1001a380 f i libucrtd:assert.obj
 0001:0001ae10       ??$ftprintf@PAU_iobuf@@PBDABQBDABQBDABI@?$__crt_char_traits@D@@SAH$$QAPAU_iobuf@@$$QAPBDABQBD2ABI@Z 1001be10 f i libucrtd:assert.obj
 0001:0001ae40       ??$ftprintf@PAU_iobuf@@PB_WABQB_WABQB_WABI@?$__crt_char_traits@_W@@SAH$$QAPAU_iobuf@@$$QAPB_WABQB_W2ABI@Z 1001be40 f i libucrtd:assert.obj
 0001:0001ae70       ??$get_module_file_name@AAPAUHINSTANCE__@@AAY0BAF@DK@?$__crt_char_traits@D@@SAKAAPAUHINSTANCE__@@AAY0BAF@D$$QAK@Z 1001be70 f i libucrtd:assert.obj
 0001:0001ae90       ??$get_module_file_name@AAPAUHINSTANCE__@@AAY0BAF@_WK@?$__crt_char_traits@_W@@SAKAAPAUHINSTANCE__@@AAY0BAF@_W$$QAK@Z 1001be90 f i libucrtd:assert.obj
 0001:0001aeb0       ??$itot_s@ABIPADIH@?$__crt_char_traits@D@@SAHABI$$QAPAD$$QAI$$QAH@Z 1001beb0 f i libucrtd:assert.obj
 0001:0001aee0       ??$itot_s@ABIPA_WIH@?$__crt_char_traits@_W@@SAHABI$$QAPA_W$$QAI$$QAH@Z 1001bee0 f i libucrtd:assert.obj
 0001:0001af10       ??$show_message_box@AAY0CEA@DPBDJ@?$__crt_char_traits@D@@SAHAAY0CEA@D$$QAPBD$$QAJ@Z 1001bf10 f i libucrtd:assert.obj
 0001:0001af30       ??$show_message_box@AAY0CEA@_WPB_WJ@?$__crt_char_traits@_W@@SAHAAY0CEA@_W$$QAPB_W$$QAJ@Z 1001bf30 f i libucrtd:assert.obj
 0001:0001af50       ??$tcscat_s@ABQADABIAAPAD@?$__crt_char_traits@D@@SAHABQADABIAAPAD@Z 1001bf50 f i libucrtd:assert.obj
 0001:0001af80       ??$tcscat_s@ABQADABIABQBD@?$__crt_char_traits@D@@SAHABQADABIABQBD@Z 1001bf80 f i libucrtd:assert.obj
 0001:0001afb0       ??$tcscat_s@ABQADABIPBD@?$__crt_char_traits@D@@SAHABQADABI$$QAPBD@Z 1001bfb0 f i libucrtd:assert.obj
 0001:0001afe0       ??$tcscat_s@ABQA_WABIAAPA_W@?$__crt_char_traits@_W@@SAHABQA_WABIAAPA_W@Z 1001bfe0 f i libucrtd:assert.obj
 0001:0001b010       ??$tcscat_s@ABQA_WABIABQB_W@?$__crt_char_traits@_W@@SAHABQA_WABIABQB_W@Z 1001c010 f i libucrtd:assert.obj
 0001:0001b040       ??$tcscat_s@ABQA_WABIPB_W@?$__crt_char_traits@_W@@SAHABQA_WABI$$QAPB_W@Z 1001c040 f i libucrtd:assert.obj
 0001:0001b070       ??$tcscpy_s@AAY0BAF@DIPBD@?$__crt_char_traits@D@@SAHAAY0BAF@D$$QAI$$QAPBD@Z 1001c070 f i libucrtd:assert.obj
 0001:0001b090       ??$tcscpy_s@AAY0BAF@_WIPB_W@?$__crt_char_traits@_W@@SAHAAY0BAF@_W$$QAI$$QAPB_W@Z 1001c090 f i libucrtd:assert.obj
 0001:0001b0b0       ??$tcscpy_s@ABQADABIPBD@?$__crt_char_traits@D@@SAHABQADABI$$QAPBD@Z 1001c0b0 f i libucrtd:assert.obj
 0001:0001b0e0       ??$tcscpy_s@ABQA_WABIPB_W@?$__crt_char_traits@_W@@SAHABQA_WABI$$QAPB_W@Z 1001c0e0 f i libucrtd:assert.obj
 0001:0001b110       ??$tcslen@AAY0BAF@D@?$__crt_char_traits@D@@SAIAAY0BAF@D@Z 1001c110 f i libucrtd:assert.obj
 0001:0001b130       ??$tcslen@AAY0BAF@_W@?$__crt_char_traits@_W@@SAIAAY0BAF@_W@Z 1001c130 f i libucrtd:assert.obj
 0001:0001b150       ??$tcslen@ABQAD@?$__crt_char_traits@D@@SAIABQAD@Z 1001c150 f i libucrtd:assert.obj
 0001:0001b170       ??$tcslen@ABQA_W@?$__crt_char_traits@_W@@SAIABQA_W@Z 1001c170 f i libucrtd:assert.obj
 0001:0001b190       ??$tcslen@ABQBD@?$__crt_char_traits@D@@SAIABQBD@Z 1001c190 f i libucrtd:assert.obj
 0001:0001b1b0       ??$tcslen@ABQB_W@?$__crt_char_traits@_W@@SAIABQB_W@Z 1001c1b0 f i libucrtd:assert.obj
 0001:0001b1d0       ??$tcsncat_s@ABQADABIAAPBDI@?$__crt_char_traits@D@@SAHABQADABIAAPBD$$QAI@Z 1001c1d0 f i libucrtd:assert.obj
 0001:0001b200       ??$tcsncat_s@ABQADABIABQBDABI@?$__crt_char_traits@D@@SAHABQADABIABQBD1@Z 1001c200 f i libucrtd:assert.obj
 0001:0001b230       ??$tcsncat_s@ABQADABIPBDI@?$__crt_char_traits@D@@SAHABQADABI$$QAPBD$$QAI@Z 1001c230 f i libucrtd:assert.obj
 0001:0001b260       ??$tcsncat_s@ABQA_WABIAAPB_WI@?$__crt_char_traits@_W@@SAHABQA_WABIAAPB_W$$QAI@Z 1001c260 f i libucrtd:assert.obj
 0001:0001b290       ??$tcsncat_s@ABQA_WABIABQB_WABI@?$__crt_char_traits@_W@@SAHABQA_WABIABQB_W1@Z 1001c290 f i libucrtd:assert.obj
 0001:0001b2c0       ??$tcsncat_s@ABQA_WABIPB_WI@?$__crt_char_traits@_W@@SAHABQA_WABI$$QAPB_W$$QAI@Z 1001c2c0 f i libucrtd:assert.obj
 0001:0001b2f0       ??0__crt_stdio_stream@@QAE@QAU_iobuf@@@Z 1001c2f0 f i libucrtd:assert.obj
 0001:0001b4e0       ?get_flags@__crt_stdio_stream@@QBEJXZ 1001c4e0 f i libucrtd:assert.obj
 0001:0001b5c0       ?has_any_buffer@__crt_stdio_stream@@QBE_NXZ 1001c5c0 f i libucrtd:assert.obj
 0001:0001b5e0       ?has_any_of@__crt_stdio_stream@@QBE_NJ@Z 1001c5e0 f i libucrtd:assert.obj
 0001:0001b620       __assert                   1001c620 f   libucrtd:assert.obj
 0001:0001b640       __invoke_watson_if_error   1001c640 f i libucrtd:assert.obj
 0001:0001b670       __vfwprintf_l              1001c670 f i libucrtd:assert.obj
 0001:0001b6a0       __vswprintf_c_l            1001c6a0 f i libucrtd:assert.obj
 0001:0001b6f0       __wassert                  1001c6f0 f   libucrtd:assert.obj
 0001:0001b710       _fwprintf                  1001c710 f i libucrtd:assert.obj
 0001:0001b860       _swprintf                  1001c860 f i libucrtd:assert.obj
 0001:0001b8a0       ??$?RPAU__crt_stdio_stream_data@@@__crt_internal_free_policy@@QBEXQBQAU__crt_stdio_stream_data@@@Z 1001c8a0 f i libucrtd:_file.obj
 0001:0001b8c0       ??0?$__crt_unique_heap_ptr@PAU__crt_stdio_stream_data@@U__crt_internal_free_policy@@@@QAE@QAPAU__crt_stdio_stream_data@@@Z 1001c8c0 f i libucrtd:_file.obj
 0001:0001b8e0       ??1?$__crt_unique_heap_ptr@PAU__crt_stdio_stream_data@@U__crt_internal_free_policy@@@@QAE@XZ 1001c8e0 f i libucrtd:_file.obj
 0001:0001b900       ??C__crt_stdio_stream@@QBEPAU__crt_stdio_stream_data@@XZ 1001c900 f i libucrtd:_file.obj
 0001:0001b920       ?detach@?$__crt_unique_heap_ptr@PAU__crt_stdio_stream_data@@U__crt_internal_free_policy@@@@QAEPAPAU__crt_stdio_stream_data@@XZ 1001c920 f i libucrtd:_file.obj
 0001:0001b950       ?release@?$__crt_unique_heap_ptr@PAU__crt_stdio_stream_data@@U__crt_internal_free_policy@@@@QAEXXZ 1001c950 f i libucrtd:_file.obj
 0001:0001b980       ___acrt_initialize_stdio   1001c980 f   libucrtd:_file.obj
 0001:0001baf0       ___acrt_iob_func           1001caf0 f   libucrtd:_file.obj
 0001:0001bb00       ___acrt_uninitialize_stdio 1001cb00 f   libucrtd:_file.obj
 0001:0001bb80       __get_stream_buffer_pointers 1001cb80 f   libucrtd:_file.obj
 0001:0001bc60       __lock_file                1001cc60 f   libucrtd:_file.obj
 0001:0001bc90       __unlock_file              1001cc90 f   libucrtd:_file.obj
 0001:0001bcc0       ??$?0ABV?$stream_output_adapter@D@__crt_stdio_output@@AB_KABQBDABQAU__crt_locale_pointers@@ABQAD@?$format_validation_base@DV?$stream_output_adapter@D@__crt_stdio_output@@@__crt_stdio_output@@IAE@ABV?$stream_output_adapter@D@1@AB_KABQBDABQAU__crt_locale_pointers@@ABQAD@Z 1001ccc0 f i libucrtd:output.obj
 0001:0001bcf0       ??$?0ABV?$stream_output_adapter@D@__crt_stdio_output@@AB_KABQBDABQAU__crt_locale_pointers@@ABQAD@?$positional_parameter_base@DV?$stream_output_adapter@D@__crt_stdio_output@@@__crt_stdio_output@@IAE@ABV?$stream_output_adapter@D@1@AB_KABQBDABQAU__crt_locale_pointers@@ABQAD@Z 1001ccf0 f i libucrtd:output.obj
 0001:0001bd70       ??$?0ABV?$stream_output_adapter@D@__crt_stdio_output@@AB_KABQBDABQAU__crt_locale_pointers@@ABQAD@?$standard_base@DV?$stream_output_adapter@D@__crt_stdio_output@@@__crt_stdio_output@@IAE@ABV?$stream_output_adapter@D@1@AB_KABQBDABQAU__crt_locale_pointers@@ABQAD@Z 1001cd70 f i libucrtd:output.obj
 0001:0001bdc0       ??$?0ABV?$stream_output_adapter@_W@__crt_stdio_output@@AB_KABQB_WABQAU__crt_locale_pointers@@ABQAD@?$format_validation_base@_WV?$stream_output_adapter@_W@__crt_stdio_output@@@__crt_stdio_output@@IAE@ABV?$stream_output_adapter@_W@1@AB_KABQB_WABQAU__crt_locale_pointers@@ABQAD@Z 1001cdc0 f i libucrtd:output.obj
 0001:0001bdf0       ??$?0ABV?$stream_output_adapter@_W@__crt_stdio_output@@AB_KABQB_WABQAU__crt_locale_pointers@@ABQAD@?$positional_parameter_base@_WV?$stream_output_adapter@_W@__crt_stdio_output@@@__crt_stdio_output@@IAE@ABV?$stream_output_adapter@_W@1@AB_KABQB_WABQAU__crt_locale_pointers@@ABQAD@Z 1001cdf0 f i libucrtd:output.obj
 0001:0001be70       ??$?0ABV?$stream_output_adapter@_W@__crt_stdio_output@@AB_KABQB_WABQAU__crt_locale_pointers@@ABQAD@?$standard_base@_WV?$stream_output_adapter@_W@__crt_stdio_output@@@__crt_stdio_output@@IAE@ABV?$stream_output_adapter@_W@1@AB_KABQB_WABQAU__crt_locale_pointers@@ABQAD@Z 1001ce70 f i libucrtd:output.obj
 0001:0001bec0       ??$?0ABV?$string_output_adapter@D@__crt_stdio_output@@AB_KABQBDABQAU__crt_locale_pointers@@ABQAD@?$format_validation_base@DV?$string_output_adapter@D@__crt_stdio_output@@@__crt_stdio_output@@IAE@ABV?$string_output_adapter@D@1@AB_KABQBDABQAU__crt_locale_pointers@@ABQAD@Z 1001cec0 f i libucrtd:output.obj
 0001:0001bef0       ??$?0ABV?$string_output_adapter@D@__crt_stdio_output@@AB_KABQBDABQAU__crt_locale_pointers@@ABQAD@?$positional_parameter_base@DV?$string_output_adapter@D@__crt_stdio_output@@@__crt_stdio_output@@IAE@ABV?$string_output_adapter@D@1@AB_KABQBDABQAU__crt_locale_pointers@@ABQAD@Z 1001cef0 f i libucrtd:output.obj
 0001:0001bf70       ??$?0ABV?$string_output_adapter@D@__crt_stdio_output@@AB_KABQBDABQAU__crt_locale_pointers@@ABQAD@?$standard_base@DV?$string_output_adapter@D@__crt_stdio_output@@@__crt_stdio_output@@IAE@ABV?$string_output_adapter@D@1@AB_KABQBDABQAU__crt_locale_pointers@@ABQAD@Z 1001cf70 f i libucrtd:output.obj
 0001:0001bfc0       ??$?0ABV?$string_output_adapter@_W@__crt_stdio_output@@AB_KABQB_WABQAU__crt_locale_pointers@@ABQAD@?$format_validation_base@_WV?$string_output_adapter@_W@__crt_stdio_output@@@__crt_stdio_output@@IAE@ABV?$string_output_adapter@_W@1@AB_KABQB_WABQAU__crt_locale_pointers@@ABQAD@Z 1001cfc0 f i libucrtd:output.obj
 0001:0001bff0       ??$?0ABV?$string_output_adapter@_W@__crt_stdio_output@@AB_KABQB_WABQAU__crt_locale_pointers@@ABQAD@?$positional_parameter_base@_WV?$string_output_adapter@_W@__crt_stdio_output@@@__crt_stdio_output@@IAE@ABV?$string_output_adapter@_W@1@AB_KABQB_WABQAU__crt_locale_pointers@@ABQAD@Z 1001cff0 f i libucrtd:output.obj
 0001:0001c070       ??$?0ABV?$string_output_adapter@_W@__crt_stdio_output@@AB_KABQB_WABQAU__crt_locale_pointers@@ABQAD@?$standard_base@_WV?$string_output_adapter@_W@__crt_stdio_output@@@__crt_stdio_output@@IAE@ABV?$string_output_adapter@_W@1@AB_KABQB_WABQAU__crt_locale_pointers@@ABQAD@Z 1001d070 f i libucrtd:output.obj
 0001:0001f320       ??$count@D@formatting_buffer@__crt_stdio_output@@QBEIXZ 10020320 f i libucrtd:output.obj
 0001:0001f360       ??$count@_W@formatting_buffer@__crt_stdio_output@@QBEIXZ 10020360 f i libucrtd:output.obj
 0001:0001f3a0       ??$data@D@formatting_buffer@__crt_stdio_output@@QAEPADXZ 100203a0 f i libucrtd:output.obj
 0001:0001f3e0       ??$data@_W@formatting_buffer@__crt_stdio_output@@QAEPA_WXZ 100203e0 f i libucrtd:output.obj
 0001:0001f420       ??$ensure_buffer_is_big_enough@D@formatting_buffer@__crt_stdio_output@@QAE_NI@Z 10020420 f i libucrtd:output.obj
 0001:0001f500       ??$ensure_buffer_is_big_enough@_W@formatting_buffer@__crt_stdio_output@@QAE_NI@Z 10020500 f i libucrtd:output.obj
 0001:0001f5f0       ??$extract_argument_from_va_list@C_J@?$positional_parameter_base@DV?$stream_output_adapter@D@__crt_stdio_output@@@__crt_stdio_output@@IAE_NAA_J@Z 100205f0 f i libucrtd:output.obj
 0001:0001f730       ??$extract_argument_from_va_list@C_J@?$positional_parameter_base@DV?$string_output_adapter@D@__crt_stdio_output@@@__crt_stdio_output@@IAE_NAA_J@Z 10020730 f i libucrtd:output.obj
 0001:0001f870       ??$extract_argument_from_va_list@C_J@?$positional_parameter_base@_WV?$stream_output_adapter@_W@__crt_stdio_output@@@__crt_stdio_output@@IAE_NAA_J@Z 10020870 f i libucrtd:output.obj
 0001:0001f9b0       ??$extract_argument_from_va_list@C_J@?$positional_parameter_base@_WV?$string_output_adapter@_W@__crt_stdio_output@@@__crt_stdio_output@@IAE_NAA_J@Z 100209b0 f i libucrtd:output.obj
 0001:0001faf0       ??$extract_argument_from_va_list@C_J@?$standard_base@DV?$stream_output_adapter@D@__crt_stdio_output@@@__crt_stdio_output@@IAE_NAA_J@Z 10020af0 f i libucrtd:output.obj
 0001:0001fb20       ??$extract_argument_from_va_list@C_J@?$standard_base@DV?$string_output_adapter@D@__crt_stdio_output@@@__crt_stdio_output@@IAE_NAA_J@Z 10020b20 f i libucrtd:output.obj
 0001:0001fb50       ??$extract_argument_from_va_list@C_J@?$standard_base@_WV?$stream_output_adapter@_W@__crt_stdio_output@@@__crt_stdio_output@@IAE_NAA_J@Z 10020b50 f i libucrtd:output.obj
 0001:0001fb80       ??$extract_argument_from_va_list@C_J@?$standard_base@_WV?$string_output_adapter@_W@__crt_stdio_output@@@__crt_stdio_output@@IAE_NAA_J@Z 10020b80 f i libucrtd:output.obj
 0001:0001fbb0       ??$extract_argument_from_va_list@E_J@?$positional_parameter_base@DV?$stream_output_adapter@D@__crt_stdio_output@@@__crt_stdio_output@@IAE_NAA_J@Z 10020bb0 f i libucrtd:output.obj
 0001:0001fcf0       ??$extract_argument_from_va_list@E_J@?$positional_parameter_base@DV?$string_output_adapter@D@__crt_stdio_output@@@__crt_stdio_output@@IAE_NAA_J@Z 10020cf0 f i libucrtd:output.obj
 0001:0001fe30       ??$extract_argument_from_va_list@E_J@?$positional_parameter_base@_WV?$stream_output_adapter@_W@__crt_stdio_output@@@__crt_stdio_output@@IAE_NAA_J@Z 10020e30 f i libucrtd:output.obj
 0001:0001ff70       ??$extract_argument_from_va_list@E_J@?$positional_parameter_base@_WV?$string_output_adapter@_W@__crt_stdio_output@@@__crt_stdio_output@@IAE_NAA_J@Z 10020f70 f i libucrtd:output.obj
 0001:000200b0       ??$extract_argument_from_va_list@E_J@?$standard_base@DV?$stream_output_adapter@D@__crt_stdio_output@@@__crt_stdio_output@@IAE_NAA_J@Z 100210b0 f i libucrtd:output.obj
 0001:000200e0       ??$extract_argument_from_va_list@E_J@?$standard_base@DV?$string_output_adapter@D@__crt_stdio_output@@@__crt_stdio_output@@IAE_NAA_J@Z 100210e0 f i libucrtd:output.obj
 0001:00020110       ??$extract_argument_from_va_list@E_J@?$standard_base@_WV?$stream_output_adapter@_W@__crt_stdio_output@@@__crt_stdio_output@@IAE_NAA_J@Z 10021110 f i libucrtd:output.obj
 0001:00020140       ??$extract_argument_from_va_list@E_J@?$standard_base@_WV?$string_output_adapter@_W@__crt_stdio_output@@@__crt_stdio_output@@IAE_NAA_J@Z 10021140 f i libucrtd:output.obj
 0001:00020170       ??$extract_argument_from_va_list@F_J@?$positional_parameter_base@DV?$stream_output_adapter@D@__crt_stdio_output@@@__crt_stdio_output@@IAE_NAA_J@Z 10021170 f i libucrtd:output.obj
 0001:000202a0       ??$extract_argument_from_va_list@F_J@?$positional_parameter_base@DV?$string_output_adapter@D@__crt_stdio_output@@@__crt_stdio_output@@IAE_NAA_J@Z 100212a0 f i libucrtd:output.obj
 0001:000203d0       ??$extract_argument_from_va_list@F_J@?$positional_parameter_base@_WV?$stream_output_adapter@_W@__crt_stdio_output@@@__crt_stdio_output@@IAE_NAA_J@Z 100213d0 f i libucrtd:output.obj
 0001:00020500       ??$extract_argument_from_va_list@F_J@?$positional_parameter_base@_WV?$string_output_adapter@_W@__crt_stdio_output@@@__crt_stdio_output@@IAE_NAA_J@Z 10021500 f i libucrtd:output.obj
 0001:00020630       ??$extract_argument_from_va_list@F_J@?$standard_base@DV?$stream_output_adapter@D@__crt_stdio_output@@@__crt_stdio_output@@IAE_NAA_J@Z 10021630 f i libucrtd:output.obj
 0001:00020660       ??$extract_argument_from_va_list@F_J@?$standard_base@DV?$string_output_adapter@D@__crt_stdio_output@@@__crt_stdio_output@@IAE_NAA_J@Z 10021660 f i libucrtd:output.obj
 0001:00020690       ??$extract_argument_from_va_list@F_J@?$standard_base@_WV?$stream_output_adapter@_W@__crt_stdio_output@@@__crt_stdio_output@@IAE_NAA_J@Z 10021690 f i libucrtd:output.obj
 0001:000206c0       ??$extract_argument_from_va_list@F_J@?$standard_base@_WV?$string_output_adapter@_W@__crt_stdio_output@@@__crt_stdio_output@@IAE_NAA_J@Z 100216c0 f i libucrtd:output.obj
 0001:000206f0       ??$extract_argument_from_va_list@GD@?$positional_parameter_base@DV?$stream_output_adapter@D@__crt_stdio_output@@@__crt_stdio_output@@IAE_NAAD@Z 100216f0 f i libucrtd:output.obj
 0001:00020820       ??$extract_argument_from_va_list@GD@?$positional_parameter_base@DV?$string_output_adapter@D@__crt_stdio_output@@@__crt_stdio_output@@IAE_NAAD@Z 10021820 f i libucrtd:output.obj
 0001:00020950       ??$extract_argument_from_va_list@GD@?$standard_base@DV?$stream_output_adapter@D@__crt_stdio_output@@@__crt_stdio_output@@IAE_NAAD@Z 10021950 f i libucrtd:output.obj
 0001:00020980       ??$extract_argument_from_va_list@GD@?$standard_base@DV?$string_output_adapter@D@__crt_stdio_output@@@__crt_stdio_output@@IAE_NAAD@Z 10021980 f i libucrtd:output.obj
 0001:000209b0       ??$extract_argument_from_va_list@G_J@?$positional_parameter_base@DV?$stream_output_adapter@D@__crt_stdio_output@@@__crt_stdio_output@@IAE_NAA_J@Z 100219b0 f i libucrtd:output.obj
 0001:00020af0       ??$extract_argument_from_va_list@G_J@?$positional_parameter_base@DV?$string_output_adapter@D@__crt_stdio_output@@@__crt_stdio_output@@IAE_NAA_J@Z 10021af0 f i libucrtd:output.obj
 0001:00020c30       ??$extract_argument_from_va_list@G_J@?$positional_parameter_base@_WV?$stream_output_adapter@_W@__crt_stdio_output@@@__crt_stdio_output@@IAE_NAA_J@Z 10021c30 f i libucrtd:output.obj
 0001:00020d70       ??$extract_argument_from_va_list@G_J@?$positional_parameter_base@_WV?$string_output_adapter@_W@__crt_stdio_output@@@__crt_stdio_output@@IAE_NAA_J@Z 10021d70 f i libucrtd:output.obj
 0001:00020eb0       ??$extract_argument_from_va_list@G_J@?$standard_base@DV?$stream_output_adapter@D@__crt_stdio_output@@@__crt_stdio_output@@IAE_NAA_J@Z 10021eb0 f i libucrtd:output.obj
 0001:00020ee0       ??$extract_argument_from_va_list@G_J@?$standard_base@DV?$string_output_adapter@D@__crt_stdio_output@@@__crt_stdio_output@@IAE_NAA_J@Z 10021ee0 f i libucrtd:output.obj
 0001:00020f10       ??$extract_argument_from_va_list@G_J@?$standard_base@_WV?$stream_output_adapter@_W@__crt_stdio_output@@@__crt_stdio_output@@IAE_NAA_J@Z 10021f10 f i libucrtd:output.obj
 0001:00020f40       ??$extract_argument_from_va_list@G_J@?$standard_base@_WV?$string_output_adapter@_W@__crt_stdio_output@@@__crt_stdio_output@@IAE_NAA_J@Z 10021f40 f i libucrtd:output.obj
 0001:00020f70       ??$extract_argument_from_va_list@H_J@?$positional_parameter_base@DV?$stream_output_adapter@D@__crt_stdio_output@@@__crt_stdio_output@@IAE_NAA_J@Z 10021f70 f i libucrtd:output.obj
 0001:000210a0       ??$extract_argument_from_va_list@H_J@?$positional_parameter_base@DV?$string_output_adapter@D@__crt_stdio_output@@@__crt_stdio_output@@IAE_NAA_J@Z 100220a0 f i libucrtd:output.obj
 0001:000211d0       ??$extract_argument_from_va_list@H_J@?$positional_parameter_base@_WV?$stream_output_adapter@_W@__crt_stdio_output@@@__crt_stdio_output@@IAE_NAA_J@Z 100221d0 f i libucrtd:output.obj
 0001:00021300       ??$extract_argument_from_va_list@H_J@?$positional_parameter_base@_WV?$string_output_adapter@_W@__crt_stdio_output@@@__crt_stdio_output@@IAE_NAA_J@Z 10022300 f i libucrtd:output.obj
 0001:00021430       ??$extract_argument_from_va_list@H_J@?$standard_base@DV?$stream_output_adapter@D@__crt_stdio_output@@@__crt_stdio_output@@IAE_NAA_J@Z 10022430 f i libucrtd:output.obj
 0001:00021460       ??$extract_argument_from_va_list@H_J@?$standard_base@DV?$string_output_adapter@D@__crt_stdio_output@@@__crt_stdio_output@@IAE_NAA_J@Z 10022460 f i libucrtd:output.obj
 0001:00021490       ??$extract_argument_from_va_list@H_J@?$standard_base@_WV?$stream_output_adapter@_W@__crt_stdio_output@@@__crt_stdio_output@@IAE_NAA_J@Z 10022490 f i libucrtd:output.obj
 0001:000214c0       ??$extract_argument_from_va_list@H_J@?$standard_base@_WV?$string_output_adapter@_W@__crt_stdio_output@@@__crt_stdio_output@@IAE_NAA_J@Z 100224c0 f i libucrtd:output.obj
 0001:000214f0       ??$extract_argument_from_va_list@I_J@?$positional_parameter_base@DV?$stream_output_adapter@D@__crt_stdio_output@@@__crt_stdio_output@@IAE_NAA_J@Z 100224f0 f i libucrtd:output.obj
 0001:00021620       ??$extract_argument_from_va_list@I_J@?$positional_parameter_base@DV?$string_output_adapter@D@__crt_stdio_output@@@__crt_stdio_output@@IAE_NAA_J@Z 10022620 f i libucrtd:output.obj
 0001:00021750       ??$extract_argument_from_va_list@I_J@?$positional_parameter_base@_WV?$stream_output_adapter@_W@__crt_stdio_output@@@__crt_stdio_output@@IAE_NAA_J@Z 10022750 f i libucrtd:output.obj
 0001:00021880       ??$extract_argument_from_va_list@I_J@?$positional_parameter_base@_WV?$string_output_adapter@_W@__crt_stdio_output@@@__crt_stdio_output@@IAE_NAA_J@Z 10022880 f i libucrtd:output.obj
 0001:000219b0       ??$extract_argument_from_va_list@I_J@?$standard_base@DV?$stream_output_adapter@D@__crt_stdio_output@@@__crt_stdio_output@@IAE_NAA_J@Z 100229b0 f i libucrtd:output.obj
 0001:000219e0       ??$extract_argument_from_va_list@I_J@?$standard_base@DV?$string_output_adapter@D@__crt_stdio_output@@@__crt_stdio_output@@IAE_NAA_J@Z 100229e0 f i libucrtd:output.obj
 0001:00021a10       ??$extract_argument_from_va_list@I_J@?$standard_base@_WV?$stream_output_adapter@_W@__crt_stdio_output@@@__crt_stdio_output@@IAE_NAA_J@Z 10022a10 f i libucrtd:output.obj
 0001:00021a40       ??$extract_argument_from_va_list@I_J@?$standard_base@_WV?$string_output_adapter@_W@__crt_stdio_output@@@__crt_stdio_output@@IAE_NAA_J@Z 10022a40 f i libucrtd:output.obj
 0001:00021a70       ??$extract_argument_from_va_list@PADPAD@?$positional_parameter_base@DV?$stream_output_adapter@D@__crt_stdio_output@@@__crt_stdio_output@@IAE_NAAPAD@Z 10022a70 f i libucrtd:output.obj
 0001:00021ba0       ??$extract_argument_from_va_list@PADPAD@?$positional_parameter_base@DV?$string_output_adapter@D@__crt_stdio_output@@@__crt_stdio_output@@IAE_NAAPAD@Z 10022ba0 f i libucrtd:output.obj
 0001:00021cd0       ??$extract_argument_from_va_list@PADPAD@?$positional_parameter_base@_WV?$stream_output_adapter@_W@__crt_stdio_output@@@__crt_stdio_output@@IAE_NAAPAD@Z 10022cd0 f i libucrtd:output.obj
 0001:00021e00       ??$extract_argument_from_va_list@PADPAD@?$positional_parameter_base@_WV?$string_output_adapter@_W@__crt_stdio_output@@@__crt_stdio_output@@IAE_NAAPAD@Z 10022e00 f i libucrtd:output.obj
 0001:00021f30       ??$extract_argument_from_va_list@PADPAD@?$standard_base@DV?$stream_output_adapter@D@__crt_stdio_output@@@__crt_stdio_output@@IAE_NAAPAD@Z 10022f30 f i libucrtd:output.obj
 0001:00021f60       ??$extract_argument_from_va_list@PADPAD@?$standard_base@DV?$string_output_adapter@D@__crt_stdio_output@@@__crt_stdio_output@@IAE_NAAPAD@Z 10022f60 f i libucrtd:output.obj
 0001:00021f90       ??$extract_argument_from_va_list@PADPAD@?$standard_base@_WV?$stream_output_adapter@_W@__crt_stdio_output@@@__crt_stdio_output@@IAE_NAAPAD@Z 10022f90 f i libucrtd:output.obj
 0001:00021fc0       ??$extract_argument_from_va_list@PADPAD@?$standard_base@_WV?$string_output_adapter@_W@__crt_stdio_output@@@__crt_stdio_output@@IAE_NAAPAD@Z 10022fc0 f i libucrtd:output.obj
 0001:000226f0       ??$extract_argument_from_va_list@PAXPAX@?$positional_parameter_base@DV?$stream_output_adapter@D@__crt_stdio_output@@@__crt_stdio_output@@IAE_NAAPAX@Z 100236f0 f i libucrtd:output.obj
 0001:00022820       ??$extract_argument_from_va_list@PAXPAX@?$positional_parameter_base@DV?$string_output_adapter@D@__crt_stdio_output@@@__crt_stdio_output@@IAE_NAAPAX@Z 10023820 f i libucrtd:output.obj
 0001:00022950       ??$extract_argument_from_va_list@PAXPAX@?$positional_parameter_base@_WV?$stream_output_adapter@_W@__crt_stdio_output@@@__crt_stdio_output@@IAE_NAAPAX@Z 10023950 f i libucrtd:output.obj
 0001:00022a80       ??$extract_argument_from_va_list@PAXPAX@?$positional_parameter_base@_WV?$string_output_adapter@_W@__crt_stdio_output@@@__crt_stdio_output@@IAE_NAAPAX@Z 10023a80 f i libucrtd:output.obj
 0001:00022bb0       ??$extract_argument_from_va_list@PAXPAX@?$standard_base@DV?$stream_output_adapter@D@__crt_stdio_output@@@__crt_stdio_output@@IAE_NAAPAX@Z 10023bb0 f i libucrtd:output.obj
 0001:00022be0       ??$extract_argument_from_va_list@PAXPAX@?$standard_base@DV?$string_output_adapter@D@__crt_stdio_output@@@__crt_stdio_output@@IAE_NAAPAX@Z 10023be0 f i libucrtd:output.obj
 0001:00022c10       ??$extract_argument_from_va_list@PAXPAX@?$standard_base@_WV?$stream_output_adapter@_W@__crt_stdio_output@@@__crt_stdio_output@@IAE_NAAPAX@Z 10023c10 f i libucrtd:output.obj
 0001:00022c40       ??$extract_argument_from_va_list@PAXPAX@?$standard_base@_WV?$string_output_adapter@_W@__crt_stdio_output@@@__crt_stdio_output@@IAE_NAAPAX@Z 10023c40 f i libucrtd:output.obj
 0001:00022c70       ??$extract_argument_from_va_list@U_CRT_DOUBLE@@U1@@?$positional_parameter_base@DV?$stream_output_adapter@D@__crt_stdio_output@@@__crt_stdio_output@@IAE_NAAU_CRT_DOUBLE@@@Z 10023c70 f i libucrtd:output.obj
 0001:00022dd0       ??$extract_argument_from_va_list@U_CRT_DOUBLE@@U1@@?$positional_parameter_base@DV?$string_output_adapter@D@__crt_stdio_output@@@__crt_stdio_output@@IAE_NAAU_CRT_DOUBLE@@@Z 10023dd0 f i libucrtd:output.obj
 0001:00022f30       ??$extract_argument_from_va_list@U_CRT_DOUBLE@@U1@@?$positional_parameter_base@_WV?$stream_output_adapter@_W@__crt_stdio_output@@@__crt_stdio_output@@IAE_NAAU_CRT_DOUBLE@@@Z 10023f30 f i libucrtd:output.obj
 0001:00023090       ??$extract_argument_from_va_list@U_CRT_DOUBLE@@U1@@?$positional_parameter_base@_WV?$string_output_adapter@_W@__crt_stdio_output@@@__crt_stdio_output@@IAE_NAAU_CRT_DOUBLE@@@Z 10024090 f i libucrtd:output.obj
[...]
 0002:0001f337       $N00016                    100a3337     modbus.exp
 0002:0001f349       $N00017                    100a3349     modbus.exp
 0002:0001f35d       $N00018                    100a335d     modbus.exp
 0002:0001f370       $N00019                    100a3370     modbus.exp
 0002:0001f391       $N00020                    100a3391     modbus.exp
 0002:0001f3ac       $N00021                    100a33ac     modbus.exp
 0002:0001f3bb       $N00022                    100a33bb     modbus.exp
 0002:0001f3ca       $N00023                    100a33ca     modbus.exp
 0002:0001f3dc       $N00024                    100a33dc     modbus.exp
 0002:0001f3ed       $N00025                    100a33ed     modbus.exp
 0002:0001f404       $N00026                    100a3404     modbus.exp
 0002:0001f420       $N00027                    100a3420     modbus.exp
 0002:0001f436       $N00028                    100a3436     modbus.exp
 0002:0001f445       $N00029                    100a3445     modbus.exp
 0002:0001f461       $N00030                    100a3461     modbus.exp
 0002:0001f46e       $N00031                    100a346e     modbus.exp
 0002:0001f485       $N00032                    100a3485     modbus.exp
 0002:0001f49c       $N00033                    100a349c     modbus.exp
 0002:0001f4af       $N00034                    100a34af     modbus.exp
 0002:0001f4c8       $N00035                    100a34c8     modbus.exp
 0002:0001f4e3       $N00036                    100a34e3     modbus.exp
 0002:0001f4fd       $N00037                    100a34fd     modbus.exp
 0002:0001f510       $N00038                    100a3510     modbus.exp
 0002:0001f529       $N00039                    100a3529     modbus.exp
 0002:0001f544       $N00040                    100a3544     modbus.exp
 0002:0001f55c       $N00041                    100a355c     modbus.exp
 0002:0001f576       $N00042                    100a3576     modbus.exp
 0002:0001f591       $N00043                    100a3591     modbus.exp
 0002:0001f5a9       $N00044                    100a35a9     modbus.exp
 0002:0001f5ba       $N00045                    100a35ba     modbus.exp
 0002:0001f5d4       $N00046                    100a35d4     modbus.exp
 0002:0001f5e5       $N00047                    100a35e5     modbus.exp
 0002:0001f5fb       $N00048                    100a35fb     modbus.exp
 0002:0001f611       $N00049                    100a3611     modbus.exp
 0002:0001f627       $N00050                    100a3627     modbus.exp
 0002:0001f63d       $N00051                    100a363d     modbus.exp
 0002:0001f65b       $N00052                    100a365b     modbus.exp
 0002:0001f677       $N00053                    100a3677     modbus.exp
 0002:0001f688       $N00054                    100a3688     modbus.exp
 0002:0001f69a       $N00055                    100a369a     modbus.exp
 0002:0001f6aa       $N00056                    100a36aa     modbus.exp
 0002:0001f6bc       $N00057                    100a36bc     modbus.exp
 0002:0001f6ce       $N00058                    100a36ce     modbus.exp
 0002:0001f6e3       $N00059                    100a36e3     modbus.exp
 0002:0001f6f8       $N00060                    100a36f8     modbus.exp
 0002:0001f718       $N00061                    100a3718     modbus.exp
 0002:0001f729       $N00062                    100a3729     modbus.exp
 0002:0001f73b       $N00063                    100a373b     modbus.exp
 0002:0001f751       $N00064                    100a3751     modbus.exp
 0002:0001f98a       .idata$6                   100a398a     ws2_32:WS2_32.dll
 0002:0001fa32       .idata$6                   100a3a32     kernel32:KERNEL32.dll
 0003:00000000       $SG94379                   100a5000     modbus-data.obj
 0003:00000090       $SG94380                   100a5090     modbus-data.obj
 0003:000000a8       $SG97946                   100a50a8     modbus-rtu.obj
 0003:00000134       $SG97947                   100a5134     modbus-rtu.obj
 0003:00000158       $SG98041                   100a5158     modbus-rtu.obj
 0003:00000170       $SG98067                   100a5170     modbus-rtu.obj
 0003:000001a8       $SG98081                   100a51a8     modbus-rtu.obj
 0003:000001d0       $SG98085                   100a51d0     modbus-rtu.obj
 0003:00000204       $SG98110                   100a5204     modbus-rtu.obj
 0003:0000022c       $SG98113                   100a522c     modbus-rtu.obj
 0003:0000025c       $SG98116                   100a525c     modbus-rtu.obj
 0003:00000290       $SG98138                   100a5290     modbus-rtu.obj
 0003:000002c4       $SG98151                   100a52c4     modbus-rtu.obj
 0003:000002fc       $SG98161                   100a52fc     modbus-rtu.obj
 0003:0000032c       $SG98170                   100a532c     modbus-rtu.obj
 0003:0000035c       $SG98179                   100a535c     modbus-rtu.obj
 0003:0000038c       $SG98189                   100a538c     modbus-rtu.obj
 0003:000003bc       $SG98204                   100a53bc     modbus-rtu.obj
 0003:000003ec       $SG98213                   100a53ec     modbus-rtu.obj
 0003:0000041c       $SG98225                   100a541c     modbus-rtu.obj
 0003:0000044c       $SG98234                   100a544c     modbus-rtu.obj
 0003:00000484       $SG98236                   100a5484     modbus-rtu.obj
 0003:000004b8       $SG98294                   100a54b8     modbus-rtu.obj
 0003:000004d4       $SG98296                   100a54d4     modbus-rtu.obj
 0003:000004fc       $SG97089                   100a54fc     modbus-tcp.obj
 0003:00000524       $SG97179                   100a5524     modbus-tcp.obj
 0003:00000558       $SG97182                   100a5558     modbus-tcp.obj
 0003:00000588       $SG97250                   100a5588     modbus-tcp.obj
 0003:000005a0       $SG97274                   100a55a0     modbus-tcp.obj
 0003:000005c4       $SG97278                   100a55c4     modbus-tcp.obj
 0003:000005dc       $SG97375                   100a55dc     modbus-tcp.obj
 0003:000005e0       $SG97378                   100a55e0     modbus-tcp.obj
 0003:00000604       $SG97382                   100a5604     modbus-tcp.obj
 0003:0000060c       $SG97385                   100a560c     modbus-tcp.obj
 0003:00000618       $SG97388                   100a5618     modbus-tcp.obj
 0003:00000620       $SG97391                   100a5620     modbus-tcp.obj
 0003:00000628       $SG97405                   100a5628     modbus-tcp.obj
 0003:00000654       $SG97418                   100a5654     modbus-tcp.obj
 0003:00000678       $SG97451                   100a5678     modbus-tcp.obj
 0003:0000069c       $SG97489                   100a569c     modbus-tcp.obj
 0003:000006b4       $SG97491                   100a56b4     modbus-tcp.obj
 0003:000006d8       $SG97523                   100a56d8     modbus-tcp.obj
 0003:000006f4       $SG97525                   100a56f4     modbus-tcp.obj
 0003:00000718       $SG97529                   100a5718     modbus-tcp.obj
 0003:00000738       $SG97531                   100a5738     modbus-tcp.obj
 0003:00000760       $SG97909                   100a5760     modbus.obj
 0003:00000774       $SG97911                   100a5774     modbus.obj
 0003:0000078c       $SG97913                   100a578c     modbus.obj
 0003:000007a0       $SG97915                   100a57a0     modbus.obj
 0003:000007c0       $SG97917                   100a57c0     modbus.obj
 0003:000007cc       $SG97919                   100a57cc     modbus.obj
 0003:000007ec       $SG97921                   100a57ec     modbus.obj
 0003:00000804       $SG97923                   100a5804     modbus.obj
 0003:00000818       $SG97925                   100a5818     modbus.obj
 0003:00000834       $SG97927                   100a5834     modbus.obj
 0003:00000854       $SG97929                   100a5854     modbus.obj
 0003:00000860       $SG97931                   100a5860     modbus.obj
 0003:00000870       $SG97933                   100a5870     modbus.obj
 0003:00000888       $SG97935                   100a5888     modbus.obj
 0003:00000898       $SG97937                   100a5898     modbus.obj
 0003:000008bc       $SG97946                   100a58bc     modbus.obj
 0003:000008c8       $SG97949                   100a58c8     modbus.obj
 0003:000008d0       $SG97950                   100a58d0     modbus.obj
 0003:000008d4       $SG97962                   100a58d4     modbus.obj
 0003:000008e8       $SG97999                   100a58e8     modbus.obj
 0003:000008f0       $SG98000                   100a58f0     modbus.obj
 0003:000008f4       $SG98109                   100a58f4     modbus.obj
 0003:00000914       $SG98110                   100a5914     modbus.obj
 0003:00000934       $SG98119                   100a5934     modbus.obj
 0003:0000093c       $SG98126                   100a593c     modbus.obj
 0003:00000944       $SG98130                   100a5944     modbus.obj
 0003:0000094c       $SG98136                   100a594c     modbus.obj
 0003:0000095c       $SG98141                   100a595c     modbus.obj
 0003:00000960       $SG98191                   100a5960     modbus.obj
 0003:000009a4       $SG98201                   100a59a4     modbus.obj
 0003:000009dc       $SG98325                   100a59dc     modbus.obj
 0003:000009ec       $SG98326                   100a59ec     modbus.obj
 0003:000009f8       $SG98204                   100a59f8     modbus.obj
 0003:00000a3c       $SG98330                   100a5a3c     modbus.obj
 0003:00000a64       $SG98334                   100a5a64     modbus.obj
 0003:00000a88       $SG98336                   100a5a88     modbus.obj
 0003:00000aa0       $SG98337                   100a5aa0     modbus.obj
 0003:00000ab0       $SG98341                   100a5ab0     modbus.obj
 0003:00000ad8       $SG98345                   100a5ad8     modbus.obj
 0003:00000afc       $SG98350                   100a5afc     modbus.obj
 0003:00000b28       $SG98354                   100a5b28     modbus.obj
 0003:00000b68       $SG98359                   100a5b68     modbus.obj
 0003:00000b98       $SG98364                   100a5b98     modbus.obj
 0003:00000bcc       $SG98368                   100a5bcc     modbus.obj
 0003:00000bf8       $SG98373                   100a5bf8     modbus.obj
 0003:00000c34       $SG98377                   100a5c34     modbus.obj
 0003:00000c64       $SG98379                   100a5c64     modbus.obj
 0003:00000c70       $SG98382                   100a5c70     modbus.obj
 0003:00000c88       $SG98387                   100a5c88     modbus.obj
 0003:00000cb8       $SG98392                   100a5cb8     modbus.obj
 0003:00000d04       $SG98462                   100a5d04     modbus.obj
 0003:00000d30       $SG98396                   100a5d30     modbus.obj
 0003:00000d84       $SG98398                   100a5d84     modbus.obj
 0003:00000dac       $SG98479                   100a5dac     modbus.obj
 0003:00000de0       $SG98505                   100a5de0     modbus.obj
 0003:00000e10       $SG98523                   100a5e10     modbus.obj
 0003:00000e40       $SG98537                   100a5e40     modbus.obj
 0003:00000e74       $SG98603                   100a5e74     modbus.obj
 0003:00000e9c       $SG98630                   100a5e9c     modbus.obj
 0003:00000ed4       $SG98680                   100a5ed4     modbus.obj
 0003:00000f04       $SG98683                   100a5f04     modbus.obj
 0003:00000f60       ?__vcrt_flsindex@@3KA      100a5f60     libvcruntimed:per_thread_data.obj
 0003:00001028       ?errno_no_memory@@3HA      100a6028     libucrtd:errno.obj
 0003:0000102c       ?doserrno_no_memory@@3KA   100a602c     libucrtd:errno.obj
 0003:00001030       ?__acrt_current_request_number@@3JA 100a6030     libucrtd:debug_heap.obj
 0003:00001080       ?__acrt_debug_fill_threshold@@3IA 100a6080     libucrtd:debug_fill_threshold.obj
 0003:00001084       ?__acrt_flsindex@@3KA      100a6084     libucrtd:per_thread_data.obj
 0003:00001088       __ctype_loc_style          100a6088     libucrtd:wsetlocale.obj
 0003:00001170       __mbctypes                 100a6170     libucrtd:mbctype.obj
 0003:00001278       __mbcasemaps               100a6278     libucrtd:mbctype.obj
 0003:00001378       ?__rgctypeflag@@3PADA      100a6378     libucrtd:mbctype.obj
 0003:00001380       ?__rgcode_page_info@@3PAUcode_page_info@@A 100a6380     libucrtd:mbctype.obj
 0003:00001800       ?__dcrt_lowio_console_output_handle@@3PAXA 100a6800     libucrtd:initcon.obj
 0003:00001810       ?__DAZ_ENABLED@?1??__set_fpsr_sse2@@9@9 100a6810     libucrtd:fpctrl.obj
 0003:00001940       ?init@?1??_RTC_InitBase@@9@4_NA 100a6940     LIBCMTD:init.obj
 0003:00001950       _GS_ExceptionRecord        100a6950     LIBCMTD:gs_report.obj
 0003:000019a0       _GS_ContextRecord          100a69a0     LIBCMTD:gs_report.obj
 0003:00001c6c       ?__proc_attached@@3HA      100a6c6c     LIBCMTD:dll_dllmain.obj
 0003:00001c70       ?_RTC_ErrorReportFunc@@3P6AHHPBDH00ZZA 100a6c70     LIBCMTD:userapi.obj
 0003:00001c74       ?_RTC_ErrorReportFuncW@@3P6AHHPB_WH00ZZA 100a6c74     LIBCMTD:userapi.obj
 0003:00001c78       ?mspdb@@3PAUHINSTANCE__@@A 100a6c78     LIBCMTD:pdblkup.obj
 0003:00001c7c       ?alreadyTried@?1??GetPdbDll@@YAPAUHINSTANCE__@@XZ@4_NA 100a6c7c     LIBCMTD:pdblkup.obj
 0003:00001c7d       ?PDBOK@?1??_RTC_GetSrcLine@@YAHPAEPA_WKPAH1K@Z@4_NA 100a6c7d     LIBCMTD:pdblkup.obj
 0003:00001c98       ?is_initialized_as_dll@@3_NA 100a6c98     LIBCMTD:utility.obj
 0003:00001c99       ?module_local_atexit_table_initialized@@3_NA 100a6c99     LIBCMTD:utility.obj
 0003:00001c9c       ?module_local_atexit_table@@3U_onexit_table_t@@A 100a6c9c     LIBCMTD:utility.obj
 0003:00001ca8       ?module_local_at_quick_exit_table@@3U_onexit_table_t@@A 100a6ca8     LIBCMTD:utility.obj
 0003:00001ce8       ?heap@@3V_HeapManager@@A   100a6ce8     libvcruntimed:undname.obj
 0003:00001d00       ?buf@?1??dbGetString@DName@@QBEPADXZ@4PADA 100a6d00     libvcruntimed:undname.obj
 0003:00001d50       ?__vcrt_startup_thread_ptd@@3U__vcrt_ptd@@A 100a6d50     libvcruntimed:per_thread_data.obj
 0003:00001d78       ___vcrt_lock_table         100a6d78     libvcruntimed:locks.obj
 0003:00001d90       ___vcrt_locks_initialized  100a6d90     libvcruntimed:locks.obj
 0003:00001d94       ?module_handles@@3PAPAUHINSTANCE__@@A 100a6d94     libvcruntimed:winapi_downlevel.obj
 0003:00001da0       ?encoded_function_pointers@@3PAPAXA 100a6da0     libvcruntimed:winapi_downlevel.obj
 0003:00001dc8       ?c_termination_complete@@3JA 100a6dc8     libucrtd:exit.obj
 0003:00001dcc       ?thread_local_exit_callback_func@@3P6GXPAXK0@ZA 100a6dcc     libucrtd:exit.obj
 0003:00001dd8       ?program_name@?1???$common_configure_argv@D@@YAHW4_crt_argv_mode@@@Z@4PADA 100a6dd8     libucrtd:argv_parsing.obj
 0003:00001ee0       ?program_name@?1???$common_configure_argv@_W@@YAHW4_crt_argv_mode@@@Z@4PA_WA 100a6ee0     libucrtd:argv_parsing.obj
 0003:00002114       ?__acrt_first_block@@3PAU_CrtMemBlockHeader@@A 100a7114     libucrtd:debug_heap.obj
 0003:00002118       ?__acrt_last_block@@3PAU_CrtMemBlockHeader@@A 100a7118     libucrtd:debug_heap.obj
 0003:0000211c       ?__acrt_total_allocations@@3IA 100a711c     libucrtd:debug_heap.obj
 0003:00002120       ?__acrt_current_allocations@@3IA 100a7120     libucrtd:debug_heap.obj
 0003:00002124       ?__acrt_max_allocations@@3IA 100a7124     libucrtd:debug_heap.obj
 0003:00002128       ?__acrt_check_frequency@@3IA 100a7128     libucrtd:debug_heap.obj
 0003:0000212c       ?__acrt_check_counter@@3IA 100a712c     libucrtd:debug_heap.obj
 0003:00002134       ?heap_validation_pending@@3_NA 100a7134     libucrtd:debug_heap.obj
 0003:00002138       ?__acrt_invalid_parameter_handler@@3V?$dual_state_global@P6AXPB_W00II@Z@__crt_state_management@@A 100a7138     libucrtd:invalid_parameter.obj
 0003:0000213c       ?__acrt_app_type@@3W4_crt_app_type@@A 100a713c     libucrtd:report_runtime_error.obj
 0003:00002140       ?outmsg@?9??__acrt_report_runtime_error@@9@4PA_WA 100a7140     libucrtd:report_runtime_error.obj
 0003:00002768       ___acrt_error_mode         100a7768     libucrtd:set_error_mode.obj
 0003:0000276c       ?console_ctrl_handler_installed@@3_NA 100a776c     libucrtd:signal.obj
 0003:00002770       ?ctrlc_action@@3V?$dual_state_global@P6AXH@Z@__crt_state_management@@A 100a7770     libucrtd:signal.obj
 0003:00002774       ?ctrlbreak_action@@3V?$dual_state_global@P6AXH@Z@__crt_state_management@@A 100a7774     libucrtd:signal.obj
 0003:00002778       ?abort_action@@3V?$dual_state_global@P6AXH@Z@__crt_state_management@@A 100a7778     libucrtd:signal.obj
 0003:0000277c       ?term_action@@3V?$dual_state_global@P6AXH@Z@__crt_state_management@@A 100a777c     libucrtd:signal.obj
 0003:00002780       ?module_handles@@3PAPAUHINSTANCE__@@A 100a7780     libucrtd:winapi_thunks.obj
 0003:000027d0       ?encoded_function_pointers@@3PAPAXA 100a77d0     libucrtd:winapi_thunks.obj
 0003:00002858       ?static_enum_proc@?1??enum_system_locales_ex_nolock@@YAHQ6GHPA_WKJ@Z@Z@4P6GH0KJ@ZA 100a7858     libucrtd:winapi_thunks.obj
 0003:00002a64       ?internal_state@?1??_mbtowc_l@@9@4U_Mbstatet@@A 100a7a64     libucrtd:mbtowc.obj
 0003:00002a6c       ?enable_percent_n@@3IA     100a7a6c     libucrtd:printf_count_output.obj
 0003:00002a90       ?__acrt_lock_table@@3PAU_RTL_CRITICAL_SECTION@@A 100a7a90     libucrtd:locks.obj
 0003:00002be0       ?__acrt_locks_initialized@@3IA 100a7be0     libucrtd:locks.obj
 0003:00002be4       ?state_cache@?1???$get_cached_win_policy@Ubegin_thread_init_policy_properties@?1??__acrt_get_begin_thread_init_policy@@YA?AW4begin_thread_init_policy@@XZ@@@YA?AW4begin_thread_init_policy@@W4AppPolicyThreadInitializationType@@@Z@4JA 100a7be4     libucrtd:win_policies.obj
 0003:00002be8       ?state_cache@?1???$get_cached_win_policy@Udeveloper_information_policy_properties@?1??__acrt_get_developer_information_policy@@YA?AW4developer_information_policy@@XZ@@@YA?AW4developer_information_policy@@W4AppPolicyShowDeveloperDiagnostic@@@Z@4JA 100a7be8     libucrtd:win_policies.obj
 0003:00002bec       ?state_cache@?1???$get_cached_win_policy@Uwindowing_model_policy_properties@?1??__acrt_get_windowing_model_policy@@YA?AW4windowing_model_policy@@XZ@@@YA?AW4windowing_model_policy@@W4AppPolicyWindowingModel@@@Z@4JA 100a7bec     libucrtd:win_policies.obj
 0003:00002bfc       ?fSystemSet@@3HA           100a7bfc     libucrtd:mbctype.obj
 0003:00002c00       ?initialized@?1??__acrt_initialize_multibyte@@9@4_NA 100a7c00     libucrtd:mbctype.obj
 0003:00002c24       ?__acrt_new_handler@@3V?$dual_state_global@P6AHI@Z@__crt_state_management@@A 100a7c24     libucrtd:new_handler.obj
 0003:00002c28       ?user_matherr@@3V?$dual_state_global@P6AHPAU_exception@@@Z@__crt_state_management@@A 100a7c28     libucrtd:matherr.obj
 0003:00002c2c       ?__acrt_global_new_mode@@3V?$dual_state_global@J@__crt_state_management@@A 100a7c2c     libucrtd:new_mode.obj
 0003:00002c30       ?mbst@?1??mbrlen@@9@4U_Mbstatet@@A 100a7c30     libucrtd:mbrtowc.obj
 0003:00002c38       ?mbst@?1??mbrtowc@@9@4U_Mbstatet@@A 100a7c38     libucrtd:mbrtowc.obj
 0003:00002c40       ?mbst@?1??_mbsrtowcs_helper@@YAIPA_WPAPBDIPAU_Mbstatet@@@Z@4U2@A 100a7c40     libucrtd:mbrtowc.obj
 0003:00002c50       ?internal_pst@?1??__mbrtoc32_utf8@__crt_mbstring@@YAIPA_UPBDIPAU_Mbstatet@@@Z@4U3@A 100a7c50     libucrtd:mbrtoc32.obj
 0003:00002c58       ?local_state@?6??_wcrtomb_s_l@@YAHQAHQADI_WQAU_Mbstatet@@QAU__crt_locale_pointers@@@Z@4U2@A 100a7c58     libucrtd:wcrtomb.obj
 0003:00002c60       __pmatherr_set             100a7c60     libucrtd:libm_error.obj
 0003:00002c64       ?internal_pst@?1??__c16rtomb_utf8@__crt_mbstring@@YAIPAD_SPAU_Mbstatet@@@Z@4U3@A 100a7c64     libucrtd:c16rtomb.obj
 0004:000000a0       $R000000                   100a90a0     modbus.res
 0004:00000310       $R000270                   100a9310     modbus.res
